To log in into the internal network:
--------------------------------------------------

First log in into torii:
ssh -Y obpg-torii.sci.gsfc.nasa.gov
u/n: jconchas
p/w: ODi33i69*odi

Second, log in into anly104:
anly104 (alias) 
u/n: jconchas
p/w: ODi33i69*

Output:
Last login: Thu Jan  7 17:33:59 on ttys003
gs616-tidal:~ jconchas$ source ~/.bash_profile
jconchas@gs616-tidal:~$ ssh -Y obpg-torii.sci.gsfc.nasa.gov
The authenticity of host 'obpg-torii.sci.gsfc.nasa.gov (169.154.128.91)' can't be established.
ECDSA key fingerprint is SHA256:A6b8P6/n7tTdFTuIMB6PikiZ5GqhRPyHC+g1XdIreBQ.
Are you sure you want to continue connecting (yes/no)? y
Please type 'yes' or 'no': yes
Warning: Permanently added 'obpg-torii.sci.gsfc.nasa.gov,169.154.128.91' (ECDSA) to the list of known hosts.

---------------------------------------------------------------

  This U.S. Government computer is for authorized users only.

  By accessing this system, you are consenting to complete
  monitoring with no expectation of privacy. Unauthorized 
  access or use may subject you to disciplinary action and
  criminal prosecution.

---------------------------------------------------------------


jconchas@obpg-torii.sci.gsfc.nasa.gov's password: 
/opt/X11/bin/xauth:  file /Users/jconchas/.Xauthority does not exist
                                                                    Last login: Fri Jan  8 15:07:34 2016 from gs616-fallout.domain.sys
/usr/local/bin/xauth:  file /home/jconchas/.Xauthority does not exist
[jconchas@obpg-torii ~]$ passwd   
Changing local password for jconchas
Old Password:

You can now choose the new password.
A valid password should be a mix of upper and lower case letters,
digits and other characters.  You can use a 12 character long
password with characters from at least 3 of these 4 classes, or
a 10 character long password containing characters from all the
classes.  Characters that form a common pattern are discarded by
the check.
Alternatively, if noone else can see your terminal now, you can
pick this as your password: "junk_impose-rarely".
Enter new password: 
Weak password: too short.
Try again.

You can now choose the new password.
A valid password should be a mix of upper and lower case letters,
digits and other characters.  You can use a 12 character long
password with characters from at least 3 of these 4 classes, or
a 10 character long password containing characters from all the
classes.  Characters that form a common pattern are discarded by
the check.
Alternatively, if noone else can see your terminal now, you can
pick this as your password: "junk&morbid.Koran".
Enter new password: 
Re-type new password: 
[jconchas@obpg-torii ~]$ pwd
/home/jconchas
[jconchas@obpg-torii ~]$ anly104 
---------------------------------------------------------------
 
 WARNING! This is a U.S. Government Computer
 
 This U.S. Government computer is for authorized users only.
 
 By accessing this system, you are consenting to complete
 monitoring with no expectation of privacy. Unauthorized
 access or use may subject you to disciplinary action and
 criminal prosecution.
 
 ---------------------------------------------------------------
jconchas@anly104.domain.sdps's password: 
Last login: Fri Jan  8 15:07:42 2016 from 192.168.2.6
jconchas@anly104:~$ passwd
Changing password for jconchas.
(current) UNIX password: 
Enter new UNIX password: 
Retype new UNIX password: 
passwd: password updated successfully
jconchas@anly104:~$ pwd
/home/jconchas
jconchas@anly104:~$ ls -la
total 24
drwxr-xr-x  2 jconchas jconchas 4096 Jan  8 15:00 .
drwxr-xr-x 17 root     root     4096 Jan  8 15:08 ..
-rw-------  1 jconchas jconchas   92 Jan  8 15:00 .bash_history
-rw-r--r--  1 jconchas jconchas  220 Jan  8 14:51 .bash_logout
-rw-r--r--  1 jconchas jconchas 3486 Jan  8 14:51 .bashrc
-rw-r--r--  1 jconchas jconchas  675 Jan  8 14:51 .profile
lrwxrwxrwx  1 jconchas jconchas   15 Jan  8 15:00 data2 -> /data2/jconchas
lrwxrwxrwx  1 jconchas jconchas   15 Jan  8 14:59 data5 -> /data5/jconchas
jconchas@anly104:~$ df -h
Filesystem      Size  Used Avail Use% Mounted on
/dev/sda1       184G   12G  163G   7% /
udev             12G  4.0K   12G   1% /dev
tmpfs           2.4G  296K  2.4G   1% /run
none            5.0M     0  5.0M   0% /run/lock
none             12G     0   12G   0% /run/shm
/dev/sdb1       2.8T  513G  2.3T  19% /data1
/dev/sdc1       2.8T  150G  2.6T   6% /data2
/dev/sdd1       2.8T  891G  1.9T  32% /data3
/dev/sde1       2.8T  331G  2.5T  12% /data4
/dev/sdf1       2.8T  104G  2.7T   4% /data5
/dev/sda3       459G  217G  219G  50% /home
jconchas@anly104:~$ cat .       
./             ../            .bash_history  .bash_logout   .bashrc        .profile       
jconchas@anly104:~$ cat .profile 
# ~/.profile: executed by the command interpreter for login shells.
# This file is not read by bash(1), if ~/.bash_profile or ~/.bash_login
# exists.
# see /usr/share/doc/bash/examples/startup-files for examples.
# the files are located in the bash-doc package.

# the default umask is set in /etc/profile; for setting the umask
# for ssh logins, install and configure the libpam-umask package.
#umask 022

# if running bash
if [ -n "$BASH_VERSION" ]; then
    # include .bashrc if it exists
    if [ -f "$HOME/.bashrc" ]; then
	. "$HOME/.bashrc"
    fi
fi

# set PATH so it includes user's private bin if it exists
if [ -d "$HOME/bin" ] ; then
    PATH="$HOME/bin:$PATH"
fi
jconchas@anly104:~$ ls
data2  data5
jconchas@anly104:~$ pwd
/home/jconchas
jconchas@anly104:~$ 

From Wayne:
I forgot we have a more potent version of getfile: gethiddenfile,  and it works on getting GOCI files

Here is the setup for it

wget http://oceandata.sci.gsfc.nasa.gov/cgi/getfile/<file>

or I do

alias get_sea wget http://oceandata.sci.gsfc.nasa.gov/cgi/gethiddenfile/!*

(above on 1 line)

Wayne

I downloaded an image from:
http://kosc.kiost.ac/kosc_web/GOCI_download/SatelliteData.html
COMS_GOCI_L1B_GA_20160107021643.he5

--------------------------------------------------
2016-01-11 Mon
For downloading from a ftp using curl:
jconchas@gs616-tidal:~/Documents/Research/LANDSAT8/Images/LC80720212014209LGN00$ curl -L -O ftp://samoa.gsfc.nasa.gov/pub/franz/LC80720212014209LGN00/LC80720212014209LGN00_{B[1-11].TIF,GEO.nc,MTL.png,MTL.txt,BQA.TIF} > /dev/null

to se values in the nc header:
ncdump -h LC80720212014209LGN00_L2.nc

I run the image that Bryan sent me both command line and GUI. I used aer_opt=-1 as suggested by Bryan.
From ftp://samoa.gsfc.nasa.gov/pub/franz/LC80720212014209LGN00/
LC80720212014209LGN00_L2aer_opt1.nc: created in command line
L2014209213352.L2_LAC_OCseadas: created in GUI

--------------------------------------------------
2016-01-12 Tue
I run the image that Bryan sent me both command line and GUI. I used aer_opt=-1 as suggested by Bryan:

jconchas@gs616-tidal:~/Documents/Research/LANDSAT8/Images/LC80720212014209LGN00$ l2gen ifile=LC80720212014209LGN00_MTL.txt ofile1=LC80720212014209LGN00_L2aer_optn1_command2.nc aer_opt=-1 geofile=LC80720212014209LGN00_GEO.nc

When trying to run l2gen through command line with the geofile given by Bryan (NOT NECESSARY. l2gen handles it with metadata):
Exit get_oli_angles with error
-E- /Users/seadas/ocssw/build/src/l2gen/l1_oli.c line 481: non-existent or incompatible geofile.
-E- File specified must be an Enhanced Meta-Data file (EMD format)

l2gen installed in anly104:
svn co svn://svn101/OCSSW/trunk ocssw

- Bryan's file are not correct: Here is the reason:
----------------------
Javier,

The OLI images are rgb, chl, and 3-color composite water-leaving reflectance.

The processing was using

                 :aer_opt = "-1" ;
                 :aer_wave_short = "865" ;
                 :aer_wave_long = "2201" ;

but the code has changed since these were generated, from reading L1B radiances 
to reading L1B reflectances.  Nima seems to believe this was done wrong [missing 
factor of cos(solarzenith)], so if you are not able to reproduce the images, I 
would like to know that.


I've put one of the L1B files here:

ftp://samoa.gsfc.nasa.gov/pub/franz/LC80720212014209LGN00/

with corresponding L2

ftp://samoa.gsfc.nasa.gov/pub/franz/LC80720212014209LGN00_L2.nc

You can see all parameters via:

ncdump -h LC80720212014209LGN00_L2.nc

--2 in situ pointsbryan
-----------------
--------------------------------------------------
2016-01-14 Thu

Download GOCI image in anly104:
jconchas@anly104:~/data2/GOCI$ wget http://oceandata.sci.gsfc.nasa.gov/cgi/gethiddenfile/COMS_GOCI_L1B_GA_20151230001643.he5
--2016-01-14 11:02:53--  http://oceandata.sci.gsfc.nasa.gov/cgi/gethiddenfile/COMS_GOCI_L1B_GA_20151230001643.he5
Resolving oceandata.sci.gsfc.nasa.gov (oceandata.sci.gsfc.nasa.gov)... 192.168.2.33, fddd:0:0:2::33
Connecting to oceandata.sci.gsfc.nasa.gov (oceandata.sci.gsfc.nasa.gov)|192.168.2.33|:80... connected.
HTTP request sent, awaiting response... 200 OK
Length: 776486057 (741M) [application/octet-stream]
Saving to: `COMS_GOCI_L1B_GA_20151230001643.he5'

100%[============================================================================================>] 776,486,057 90.2M/s   in 9.1s    

2016-01-14 11:03:02 (81.3 MB/s) - `COMS_GOCI_L1B_GA_20151230001643.he5' saved [776486057/776486057]

to download all images from OBPG server:
jconchas@gs616-tidal:~/Documents/Research/GOCI/Images$ curl -O http://oceandata.sci.gsfc.nasa.gov/cgi/gethiddenfile/COMS_GOCI_L1B_GA_201512240[0-7]1640.he5

to see header of he5, like GOCI data
jconchas@gs616-tidal:~/Documents/Research/GOCI/Images/COMS_GOCI_L1B_GA_20160107021643.he5$ h5dump -H COMS_GOCI_L1B_GA_20160107021643.he5

to download from anly104 to torii:
from anly104:
jconchas@anly104:/data2/jconchas/GOCI$ scp COMS_GOCI_L1B_GA_201512240*.he5 jconchas@obpg-torii.sci.gsfc.nasa.gov:./data/

to downlaod from torii to my mac:
from the folder where I want to download to:
jconchas@gs616-tidal:~/Documents/Research/GOCI/Images/COMS_GOCI_L1B_GA_201512240x1640$ scp jconchas@obpg-torii.sci.gsfc.nasa.gov:./data/* .

to copy from a list to a folder/directory:
jconchas@anly104:~/data2/LANDSAT8$ find . -name "*_L2.nc" -exec cp '{}' artic_L2/ \;

to cp a directory:
jconchas@anly104:~/data2/LANDSAT8$ scp -rp artic_L2/ jconchas@obpg-torii.sci.gsfc.nasa.gov:./data/  

--------------------------------------------------
2016-01-15 Fri
to check the file extension:
jconchas@gs616-tidal:~/Documents/Research/GOCI/Images/COMS_GOCI_L1B_GA_201512240x1640$ file COMS_GOCI_L1B_GA_20151224001640.he5 
COMS_GOCI_L1B_GA_20151224001640.he5: gzip compressed data, was "COMS_GOCI_L1B_GA_20151224001640", from Unix, last modified: Thu Dec 24 12:41:21 2015

change name to compressed extention:
jconchas@gs616-tidal:~/Documents/Research/GOCI/Images/COMS_GOCI_L1B_GA_201512240x1640$ mv COMS_GOCI_L1B_GA_20151224001640.he5 COMS_GOCI_L1B_GA_20151224001640.he5.gz 

decompress:
jconchas@gs616-tidal:~/Documents/Research/GOCI/Images/COMS_GOCI_L1B_GA_201512240x1640$ gunzip COMS_GOCI_L1B_GA_20151224001640.he5.gz 

to change all of them at the same time:
$ find ./ -name "*he5" -exec mv '{}' '{}'.gz \;

to unzip all of them at the same time:
$ find ./ -name "*he5.gz" -exec gunzip '{}' \;

Done:
- Processed GOCI images: COMS_GOCI_L1B_GA_20151224001640_L2.nc in my machine
- Processing GOCI images in anly104: 
jconchas@anly104:~/data2/GOCI$ ls
COMS_GOCI_L1B_GA_201512240x1640/  COMS_GOCI_L1B_GA_201512300x1643/
- Processed L8 from Bryan in anly104 and transfered to my machine. Saved in artic_L2/
- Created git rep in:
jconchas@gs616-tidal:~/Documents$ git branch
* master

jconchas@anly104:~/data2$ git branch
* master

--------------------------------------------------
2016-01-15 Wed

to create directory with basename
$ find . -name "*tar" -print0|xargs -0 -I {} basename {} .tar|xargs mkdir

from:
http://www.cyberciti.biz/faq/linux-unix-bsd-xargs-construct-argument-lists-utility/

to move to same directory name:
$ find . -type d -name "L*" -exec mv '{}'.tar '{}' \;

to tar file inside a folder:
$ find . -name "*tar" -print0|xargs -0 -I {} basename {} .tar|xargs -I file tar -xvf ./file/file.tar -C ./file

to move a file to a directory using basename:
$ find . -name "*jpg" | xargs -I {} basename {} .jpg| xargs -I file mv ./file.jpg ./file/

--------------------------------------------------
2016-01-23 Sat
to create a tmux window inside a session:
- create session:
$ tmux
- First enter the session:
$ tmux a -t 0
- Create window:
^b c
- to switch between windows
^b n
^b p
- to exit/detach session:
^b d

to see L2.nc properties:
jconchas@gs616-tidal:Images$ file LC80720212014209LGN00/LC80720212014209LGN00_L2.nc 
LC80720212014209LGN00/LC80720212014209LGN00_L2.nc: Hierarchical Data Format (version 5) data

jconchas@gs616-tidal:Images$ file LC80720212014209LGN00/LC80720212014209LGN00_B2.TIF 
LC80720212014209LGN00/LC80720212014209LGN00_B2.TIF: TIFF image data, little-endian

jconchas@gs616-tidal:COMS_GOCI_L1B_GA_201512240x1640$ file COMS_GOCI_L1B_GA_20151224001640.he5 
COMS_GOCI_L1B_GA_20151224001640.he5: Hierarchical Data Format (version 5) data

jconchas@gs616-tidal:COMS_GOCI_L1B_GA_201512240x1640$ h5dump -H COMS_GOCI_L1B_GA_20151224001640.he5 
HDF5 "COMS_GOCI_L1B_GA_20151224001640.he5" {
GROUP "/" {

jconchas@gs616-tidal:COMS_GOCI_L1B_GA_201512240x1640$ ncdump -h COMS_GOCI_L1B_GA_20151224001640_L2.ncnetcdf COMS_GOCI_L1B_GA_20151224001640_L2 {
dimensions:
--------------------------------------------------
2016-01-25 Mon:
To do for the week:
- DONE: Check angles in the Arctic
- DONE: Handle GOCI images in Matlab
- DONE: Find parameters used in l2gen for Mannino's ag_412_mlrc algorithm.
- DONE: Include convert to 555 function in Matlab.

From l2gen online guide:
http://oceancolor.gsfc.nasa.gov/WIKI/OCSSW(2f)l2gen(2f)Inputs.html

sunzen
Solar zenith angle threshold (degrees) used for setting the l2_flags bit #13. (McClain et al., 1995). (Default=75.0)
satzen
Spacecraft zenith angle threshold (degrees) for setting the l2_flags bit #6. (McClain et al., 1995). (Default=60.0).

to look pattern in the source src:
jconchas@anly104:~$ grep --exclude=\*.{svn-name,nc,GEO,TIF,h5,he5} -r "ag_412*" ocssw/
ocssw/build/src/l2gen/prodgen.c:      case CAT_ag_412_mlrc:
ocssw/build/src/l2gen/l2prod.h:#define CAT_ag_412_mlrc             277
ocssw/build/src/l2gen/cdom_mannino.c:   case CAT_ag_412_mlrc:
ocssw/.svn/pristine/2a/2a3da0fb4c154a207e534dc5af97c2bd4d441b2e.svn-base:    <product name="ag_412_mlrc">
ocssw/.svn/pristine/25/252c4933e3e078bdde0ffffe8128637affa9d618.svn-base:       case CAT_ag_412_mlrc:
ocssw/.svn/pristine/03/03b4942599bf75d1c205153f9bada38dd664ae0b.svn-base:      case CAT_ag_412_mlrc:
ocssw/.svn/pristine/9a/9a247290a80d58c8f6a7791cb9ca531cd5930b38.svn-base:#define CAT_ag_412_mlrc             277
ocssw/run/data/common/product.xml:    <product name="ag_412_mlrc
--------------------------------------------------
2016-01-28 Thu:
MLR: multiple linear regression
MAPD: mean absolute percent difference
--------------------------------------------------
2016-02-02 Mon
- DONE: SeaBASS access with Matlab script from Chris
- DONE: SeaBASS search for Arctic data not successful

To do: 
- DONE: Look for more data for the Arctic. Email Maria and Sophie
- DONE: See why ag from E. Boss is weird looking
- SeaBASS search in the GOCI footprint
- Create Tool to retrieve path row from kml file for Landsat
--------------------------------------------------
2016-02-04
CDOM data over the Arctic:
- Sophie Renaut
http://icefloe.net/docs/hly1401_cruise_report.pdf
--------------------------------------------------
2016-02-16

Matchups:

--------------------------------------------
In situ taken: 29-May-2013 05:40:31
Image taken:   29-May-2013
path:210 , row:17, d:61
ID: LC82100172013149LGN00
--------------------------------------------
In situ taken: 30-May-2013 03:10:41
Image taken:   29-May-2013
path:210 , row:16, d:101
ID: LC82100162013149LGN00
--------------------------------------------
In situ taken: 13-Jun-2013 17:42:36
Image taken:   15-Jun-2013
path:201 , row:11, d:415
ID: LC82010112013166LGN00
--------------------------------------------
In situ taken: 13-Jun-2013 17:42:36
Image taken:   10-Jun-2013
path:198 , row:11, d:415
ID: LC81980112013161LGN00
--------------------------------------------
In situ taken: 29-Jun-2013 15:49:36
Image taken:   27-Jun-2013
path:189 , row:11, d:420
ID: LC81890112013178LGN00
--------------------------------------------
In situ taken: 29-Jun-2013 15:49:36
Image taken:   29-Jun-2013
path:187 , row:11, d:420
ID: LC81870112013180LGN00
--------------------------------------------
In situ taken: 05-Jul-2013 08:29:28
Image taken:   07-Jul-2013
path:179 , row:6, d:473
ID: LC81790062013188LGN00
--------------------------------------------
In situ taken: 05-Jul-2013 09:19:28
Image taken:   07-Jul-2013
path:179 , row:5, d:474
ID: LC81790052013188LGN00
--------------------------------------------
In situ taken: 05-Jul-2013 18:29:37
Image taken:   07-Jul-2013
path:179 , row:4, d:485
ID: LC81790042013188LGN00
--------------------------------------------
In situ taken: 08-Jul-2013 00:36:50
Image taken:   07-Jul-2013
path:179 , row:3, d:502
ID: LC81790032013188LGN00
--------------------------------------------
In situ taken: 08-Jul-2013 06:26:50
Image taken:   10-Jul-2013
path:168 , row:5, d:509
ID: LC81680052013191LGN00
--------------------------------------------
In situ taken: 09-Jul-2013 10:31:58
Image taken:   10-Jul-2013
path:184 , row:2, d:542
ID: LC81840022013191LGN00
--------------------------------------------
In situ taken: 17-Jul-2013 19:17:35
Image taken:   19-Jul-2013
path:167 , row:8, d:635
ID: LC81670082013200LGN00
--------------------------------------------
In situ taken: 17-Jul-2013 19:17:35
Image taken:   14-Jul-2013
path:164 , row:8, d:635
ID: LC81640082013195LGN00
--------------------------------------------
In situ taken: 17-Jul-2013 22:37:35
Image taken:   14-Jul-2013
path:164 , row:7, d:637
ID: LC81640072013195LGN00
--------------------------------------------
In situ taken: 19-Jul-2013 02:07:34
Image taken:   21-Jul-2013
path:165 , row:9, d:649
ID: LC81650092013202LGN00
--------------------------------------------
In situ taken: 19-Jul-2013 02:07:34
Image taken:   16-Jul-2013
path:162 , row:9, d:649
ID: LC81620092013197LGN00
--------------------------------------------
In situ taken: 19-Jul-2013 02:07:34
Image taken:   16-Jul-2013
path:162 , row:8, d:649
ID: LC81620082013197LGN00
--------------------------------------------
In situ taken: 27-Aug-2013 12:30:20
Image taken:   24-Aug-2013
path:147 , row:5, d:718
ID: LC81470052013236LGN00
--------------------------------------------
In situ taken: 30-Aug-2013 03:50:13
Image taken:   02-Sep-2013
path:130 , row:6, d:787
ID: LC81300062013245LGN00
--------------------------------------------
In situ taken: 30-Aug-2013 12:10:12
Image taken:   02-Sep-2013
path:130 , row:7, d:796
ID: LC81300072013245LGN00
--------------------------------------------
In situ taken: 30-Aug-2013 12:10:12
Image taken:   28-Aug-2013
path:127 , row:7, d:796
ID: LC81270072013240LGN00
--------------------------------------------
In situ taken: 03-Sep-2013 11:48:10
Image taken:   03-Sep-2013
path:105 , row:10, d:798
ID: LC81050102013246LGN00
--------------------------------------------
In situ taken: 03-Sep-2013 11:48:10
Image taken:   03-Sep-2013
path:105 , row:9, d:798
ID: LC81050092013246LGN00
--------------------------------------------
In situ taken: 03-Sep-2013 15:08:11
Image taken:   03-Sep-2013
path:105 , row:11, d:802
ID: LC81050112013246LGN00
--------------------------------------------
In situ taken: 03-Sep-2013 15:08:11
Image taken:   05-Sep-2013
path:103 , row:11, d:802
ID: LC81030112013248LGN00
--------------------------------------------
In situ taken: 08-Sep-2013 00:04:43
Image taken:   09-Sep-2013
path:99 , row:11, d:813
ID: LC80990112013252LGN00
--------------------------------------------
In situ taken: 08-Sep-2013 00:04:43
Image taken:   11-Sep-2013
path:97 , row:11, d:813
ID: LC80970112013254LGN00
--------------------------------------------
In situ taken: 14-Sep-2013 04:48:49
Image taken:   17-Sep-2013
path:82 , row:10, d:890
ID: LC80820102013260LGN00
--------------------------------------------
In situ taken: 14-Sep-2013 04:48:49
Image taken:   12-Sep-2013
path:79 , row:10, d:890
ID: LC80790102013255LGN00
--------------------------------------------
In situ taken: 14-Sep-2013 22:35:12
Image taken:   14-Sep-2013
path:77 , row:10, d:897
ID: LC80770102013257LGN00
--------------------------------------------
In situ taken: 15-Sep-2013 07:28:50
Image taken:   16-Sep-2013
path:75 , row:10, d:906
ID: LC80750102013259LGN00
--------------------------------------------
In situ taken: 15-Sep-2013 19:58:46
Image taken:   18-Sep-2013
path:73 , row:10, d:920
ID: LC80730102013261LGN00
--------------------------------------------
In situ taken: 17-Sep-2013 07:48:52
Image taken:   15-Sep-2013
path:68 , row:11, d:958
ID: LC80680112013258LGN00
--------------------------------------------
In situ taken: 17-Sep-2013 07:48:52
Image taken:   17-Sep-2013
path:66 , row:11, d:958
ID: LC80660112013260LGN00
--------------------------------------------
In situ taken: 21-Sep-2013 19:59:44
Image taken:   23-Sep-2013
path:60 , row:10, d:993
ID: LC80600102013266LGN00
--------------------------------------------
In situ taken: 21-Sep-2013 21:39:46
Image taken:   21-Sep-2013
path:62 , row:11, d:995
ID: LC80620112013264LGN00
--------------------------------------------
In situ taken: 22-Sep-2013 04:19:46
Image taken:   25-Sep-2013
path:58 , row:10, d:1002
ID: LC80580102013268LGN00
--------------------------------------------
In situ taken: 23-Sep-2013 03:39:47
Image taken:   22-Sep-2013
path:53 , row:11, d:1014
ID: LC80530112013265LGN00
--------------------------------------------
In situ taken: 23-Sep-2013 13:39:46
Image taken:   22-Sep-2013
path:53 , row:10, d:1022
ID: LC80530102013265LGN00
--------------------------------------------
In situ taken: 24-Sep-2013 00:47:23
Image taken:   24-Sep-2013
path:51 , row:12, d:1034
ID: LC80510122013267LGN00
--------------------------------------------
In situ taken: 24-Sep-2013 15:47:28
Image taken:   21-Sep-2013
path:46 , row:12, d:1048
ID: LC80460122013264LGN00
--------------------------------------------
In situ taken: 24-Sep-2013 21:37:27
Image taken:   21-Sep-2013
path:46 , row:11, d:1055
ID: LC80460112013264LGN00
--------------------------------------------
In situ taken: 25-Sep-2013 03:27:28
Image taken:   23-Sep-2013
path:44 , row:12, d:1061
ID: LC80440122013266LGN00
--------------------------------------------
In situ taken: 26-Sep-2013 00:17:29
Image taken:   27-Sep-2013
path:40 , row:12, d:1066
ID: LC80400122013270LGN00
--------------------------------------------
In situ taken: 26-Sep-2013 01:07:28
Image taken:   23-Sep-2013
path:44 , row:11, d:1067
ID: LC80440112013266LGN00
--------------------------------------------
In situ taken: 26-Sep-2013 01:07:28
Image taken:   25-Sep-2013
path:42 , row:11, d:1067
ID: LC80420112013268LGN00
--------------------------------------------
In situ taken: 26-Sep-2013 02:47:27
Image taken:   23-Sep-2013
path:44 , row:10, d:1069
ID: LC80440102013266LGN00
--------------------------------------------
In situ taken: 26-Sep-2013 02:47:27
Image taken:   25-Sep-2013
path:42 , row:10, d:1069
ID: LC80420102013268LGN00
--------------------------------------------
In situ taken: 26-Sep-2013 04:27:28
Image taken:   27-Sep-2013
path:40 , row:11, d:1071
ID: LC80400112013270LGN00
--------------------------------------------
In situ taken: 26-Sep-2013 15:17:28
Image taken:   27-Sep-2013
path:40 , row:10, d:1084
ID: LC80400102013270LGN00
--------------------------------------------
In situ taken: 27-Sep-2013 00:27:26
Image taken:   30-Sep-2013
path:45 , row:9, d:1086
ID: LC80450092013273LGN00
--------------------------------------------
In situ taken: 27-Sep-2013 00:27:26
Image taken:   25-Sep-2013
path:42 , row:9, d:1086
ID: LC80420092013268LGN00
--------------------------------------------
In situ taken: 27-Sep-2013 02:57:29
Image taken:   27-Sep-2013
path:40 , row:9, d:1089
ID: LC80400092013270LGN00
--------------------------------------------
In situ taken: 27-Sep-2013 10:27:30
Image taken:   29-Sep-2013
path:38 , row:10, d:1096
ID: LC80380102013272LGN00
--------------------------------------------
In situ taken: 28-Sep-2013 01:27:30
Image taken:   29-Sep-2013
path:38 , row:9, d:1099
ID: LC80380092013272LGN00
--------------------------------------------
In situ taken: 28-Sep-2013 01:27:30
Image taken:   25-Sep-2013
path:42 , row:8, d:1099
ID: LC80420082013268LGN00
--------------------------------------------
In situ taken: 28-Sep-2013 01:27:30
Image taken:   27-Sep-2013
path:40 , row:8, d:1099
ID: LC80400082013270LGN00
--------------------------------------------
In situ taken: 28-Sep-2013 04:47:30
Image taken:   29-Sep-2013
path:38 , row:8, d:1103
ID: LC80380082013272LGN00
--------------------------------------------
In situ taken: 28-Sep-2013 08:57:30
Image taken:   01-Oct-2013
path:36 , row:9, d:1108
ID: LC80360092013274LGN00
--------------------------------------------
In situ taken: 28-Sep-2013 17:30:20
Image taken:   25-Sep-2013
path:42 , row:7, d:1111
ID: LC80420072013268LGN00
--------------------------------------------
In situ taken: 28-Sep-2013 17:30:20
Image taken:   27-Sep-2013
path:40 , row:7, d:1111
ID: LC80400072013270LGN00
--------------------------------------------
In situ taken: 28-Sep-2013 17:30:20
Image taken:   29-Sep-2013
path:38 , row:7, d:1111
ID: LC80380072013272LGN00
--------------------------------------------
In situ taken: 28-Sep-2013 20:00:33
Image taken:   01-Oct-2013
path:36 , row:8, d:1114
ID: LC80360082013274LGN00
--------------------------------------------
In situ taken: 29-Sep-2013 00:10:32
Image taken:   30-Sep-2013
path:45 , row:6, d:1118
ID: LC80450062013273LGN00
--------------------------------------------
In situ taken: 29-Sep-2013 00:10:32
Image taken:   02-Oct-2013
path:43 , row:6, d:1118
ID: LC80430062013275LGN00
--------------------------------------------
In situ taken: 29-Sep-2013 00:10:32
Image taken:   27-Sep-2013
path:40 , row:6, d:1118
ID: LC80400062013270LGN00
--------------------------------------------
In situ taken: 29-Sep-2013 11:50:33
Image taken:   01-Oct-2013
path:36 , row:7, d:1132
ID: LC80360072013274LGN00
--------------------------------------------
In situ taken: 29-Sep-2013 11:50:33
Image taken:   29-Sep-2013
path:38 , row:6, d:1132
ID: LC80380062013272LGN00
--------------------------------------------
In situ taken: 04-Oct-2013 16:29:59
Image taken:   03-Oct-2013
path:34 , row:7, d:1180
ID: LC80340072013276LGN00
--------------------------------------------
In situ taken: 04-Oct-2013 17:19:47
Image taken:   05-Oct-2013
path:32 , row:8, d:1181
ID: LC80320082013278LGN00
--------------------------------------------
In situ taken: 05-Oct-2013 21:31:45
Image taken:   05-Oct-2013
path:32 , row:9, d:1193
ID: LC80320092013278LGN00
--------------------------------------------
In situ taken: 05-Oct-2013 21:31:45
Image taken:   07-Oct-2013
path:30 , row:9, d:1193
ID: LC80300092013280LGN00
--------------------------------------------
In situ taken: 06-Oct-2013 03:21:31
Image taken:   07-Oct-2013
path:30 , row:8, d:1194
ID: LC80300082013280LGN00
--------------------------------------------
In situ taken: 06-Oct-2013 15:01:31
Image taken:   09-Oct-2013
path:28 , row:9, d:1208
ID: LC80280092013282LGN00
--------------------------------------------
In situ taken: 10-Oct-2013 00:01:21
Image taken:   08-Oct-2013
path:21 , row:10, d:1249
ID: LC80210102013281LGN00
--------------------------------------------
In situ taken: 11-Oct-2013 21:51:22
Image taken:   11-Oct-2013
path:10 , row:11, d:1277
ID: LC80100112013284LGN00
--------------------------------------------
In situ taken: 21-Oct-2013 02:10:35
Image taken:   20-Oct-2013
path:9 , row:12, d:1346
ID: LC80090122013293LGN00
--------------------------------------------
In situ taken: 30-Oct-2013 07:07:33
Image taken:   31-Oct-2013
path:6 , row:22, d:1473
ID: LC80060222013304LGN00
--------------------------------------------
In situ taken: 31-Oct-2013 08:57:28
Image taken:   02-Nov-2013
path:4 , row:24, d:1503
ID: LC80040242013306LGN00
--------------------------------------------
In situ taken: 04-Nov-2013 15:36:37
Image taken:   02-Nov-2013
path:4 , row:25, d:1506
ID: LC80040252013306LGN00
--------------------------------------------
In situ taken: 05-Nov-2013 19:06:35
Image taken:   05-Nov-2013
path:9 , row:25, d:1537
ID: LC80090252013309LGN00
--------------------------------------------
In situ taken: 06-Nov-2013 01:46:37
Image taken:   05-Nov-2013
path:9 , row:24, d:1544
ID: LC80090242013309LGN00
--------------------------------------------
In situ taken: 06-Nov-2013 11:46:36
Image taken:   05-Nov-2013
path:9 , row:26, d:1556
ID: LC80090262013309LGN00
--------------------------------------------
In situ taken: 06-Nov-2013 14:16:35
Image taken:   03-Nov-2013
path:11 , row:25, d:1559
ID: LC80110252013307LGN00
--------------------------------------------
In situ taken: 06-Nov-2013 21:46:35
Image taken:   03-Nov-2013
path:11 , row:26, d:1568
ID: LC80110262013307LGN00
--------------------------------------------
In situ taken: 07-Nov-2013 02:11:03
Image taken:   10-Nov-2013
path:12 , row:25, d:1571
ID: LC80120252013314LGN00
--------------------------------------------
In situ taken: 07-Nov-2013 05:16:35
Image taken:   10-Nov-2013
path:12 , row:26, d:1573
ID: LC80120262013314LGN00

Not available:
L8 OLI/TIRS	LC81890112013178LGN00
--------------------------------------------------
2016-02-17 Wed
Error downloading it:
LC80360092013274LGN00

--------------------------------------------------
2016-02-23 Tue
To do:
- DONE: Created in situ dataset for GOCI
- Retrieve files based on in situ dates
- Open GOCI image in Matlab

- Search images for Arctic Color area of study
- Check values of CDOM from the Tara retrieved images with in situ

to search the files that meet a pattern in a list of pattern:
jconchas@anly104:~/data2/GOCI$ cat scene_dates.txt | xargs -I {} grep {} goci_l1.txt > scene_list.txt

to create a dir using a pattern in a list:
jconchas@anly104:~/data2/GOCI$ cat scene_dates.txt | xargs -I {} mkdir COMS_GOCI_L1B_GA_{}

to convert from dos to unix in vim:
:w ++ff=unix

GOCI files retrieved from the server:
jconchas@anly104:~/data2/GOCI$ du -h
0       ./COMS_GOCI_L1B_GA_20101130
0       ./COMS_GOCI_L1B_GA_20101201
0       ./COMS_GOCI_L1B_GA_20101202
6.0G    ./COMS_GOCI_L1B_GA_20110409
6.0G    ./COMS_GOCI_L1B_GA_20110410
6.0G    ./COMS_GOCI_L1B_GA_20110411
5.9G    ./COMS_GOCI_L1B_GA_20110412
5.9G    ./COMS_GOCI_L1B_GA_20110413
5.9G    ./COMS_GOCI_L1B_GA_20110414
6.0G    ./COMS_GOCI_L1B_GA_20110415
6.0G    ./COMS_GOCI_L1B_GA_20110416
6.0G    ./COMS_GOCI_L1B_GA_20110417
6.0G    ./COMS_GOCI_L1B_GA_20110810
6.0G    ./COMS_GOCI_L1B_GA_20110811
6.0G    ./COMS_GOCI_L1B_GA_20110812
71G     .

to open matlab from command line:
jconchas@gs616-tidal:ag$ /Applications/MATLAB_R2015b.app/bin/matlab
--------------------------------------------------
2016-02-25 Thu

how to use h5dump:
https://www.hdfgroup.org/HDF5/Tutor/cmdtoolview.html
 to display attibutes header:
jconchas@anly104:~/data2/GOCI$ h5dump -n 1 COMS_GOCI_L1B_GA_20110409/COMS_GOCI_L1B_GA_20110409001644.he5|less


 group      /HDFEOS/POINTS/Scene Header
 attribute  /HDFEOS/POINTS/Scene Header/Band Indices
 attribute  /HDFEOS/POINTS/Scene Header/Difference between on-board time and ground station time
 attribute  /HDFEOS/POINTS/Scene Header/Image Type
 attribute  /HDFEOS/POINTS/Scene Header/Mission
 attribute  /HDFEOS/POINTS/Scene Header/Nominal sub-satellite point latitude
 attribute  /HDFEOS/POINTS/Scene Header/Nominal sub-satellite point longitude
 attribute  /HDFEOS/POINTS/Scene Header/Number of Bands
 attribute  /HDFEOS/POINTS/Scene Header/Number of Slots
 attribute  /HDFEOS/POINTS/Scene Header/Product Level
 attribute  /HDFEOS/POINTS/Scene Header/Satellite ID
 attribute  /HDFEOS/POINTS/Scene Header/Satellite Name
 attribute  /HDFEOS/POINTS/Scene Header/Satellite azimuth angle at scene center
 attribute  /HDFEOS/POINTS/Scene Header/Satellite elevation angle at scene center
 attribute  /HDFEOS/POINTS/Scene Header/Scene Start time
 attribute  /HDFEOS/POINTS/Scene Header/Scene Title
 attribute  /HDFEOS/POINTS/Scene Header/Scene center latitude
 attribute  /HDFEOS/POINTS/Scene Header/Scene center longitude
 attribute  /HDFEOS/POINTS/Scene Header/Scene center time
 attribute  /HDFEOS/POINTS/Scene Header/Scene end time
 attribute  /HDFEOS/POINTS/Scene Header/Scene lower-left latitude
 attribute  /HDFEOS/POINTS/Scene Header/Scene lower-left longitude
 attribute  /HDFEOS/POINTS/Scene Header/Scene lower-right latitude
 attribute  /HDFEOS/POINTS/Scene Header/Scene lower-right longitude
 attribute  /HDFEOS/POINTS/Scene Header/Scene upper-left latitude
 attribute  /HDFEOS/POINTS/Scene Header/Scene upper-left longitude
 attribute  /HDFEOS/POINTS/Scene Header/Scene upper-right latitude
 attribute  /HDFEOS/POINTS/Scene Header/Scene upper-right longitude
 attribute  /HDFEOS/POINTS/Scene Header/Sensor Characteristics
 attribute  /HDFEOS/POINTS/Scene Header/Sensor Mode name
 attribute  /HDFEOS/POINTS/Scene Header/Sensor name
 attribute  /HDFEOS/POINTS/Scene Header/Slot Indices
 attribute  /HDFEOS/POINTS/Scene Header/Sub-satellite point altitude at scene center time
 attribute  /HDFEOS/POINTS/Scene Header/Sub-satellite point altitude at scene end time
 attribute  /HDFEOS/POINTS/Scene Header/Sub-satellite point altitude at scene start time
 attribute  /HDFEOS/POINTS/Scene Header/Sub-satellite point latitude at scene center time
 attribute  /HDFEOS/POINTS/Scene Header/Sub-satellite point latitude at scene end time
 attribute  /HDFEOS/POINTS/Scene Header/Sub-satellite point latitude at scene start time
 attribute  /HDFEOS/POINTS/Scene Header/Sub-satellite point longitude at scene center time
 attribute  /HDFEOS/POINTS/Scene Header/Sub-satellite point longitude at scene end time
 attribute  /HDFEOS/POINTS/Scene Header/Sub-satellite point longitude at scene start time
 attribute  /HDFEOS/POINTS/Scene Header/Sun azimuth angle at scene center
 attribute  /HDFEOS/POINTS/Scene Header/Sun elevation angle at scene center
 attribute  /HDFEOS/POINTS/Scene Header/_LevelWritten
 attribute  /HDFEOS/POINTS/Scene Header/line spacing
 attribute  /HDFEOS/POINTS/Scene Header/number of columns
 attribute  /HDFEOS/POINTS/Scene Header/number of rows
 attribute  /HDFEOS/POINTS/Scene Header/pixel spacing
 group      /HDFEOS/POINTS/Scene Header/Data
 dataset    /HDFEOS/POINTS/Scene Header/Data/Resampling kernel name
 group      /HDFEOS/POINTS/Scene Header/Linkage

 group      /HDFEOS/POINTS/File Descripter Metadata
 attribute  /HDFEOS/POINTS/File Descripter Metadata/File format document title
 attribute  /HDFEOS/POINTS/File Descripter Metadata/Geometric correction software ID
 attribute  /HDFEOS/POINTS/File Descripter Metadata/IDACS system version
 attribute  /HDFEOS/POINTS/File Descripter Metadata/IMPS software version
 attribute  /HDFEOS/POINTS/File Descripter Metadata/Input File Name
 attribute  /HDFEOS/POINTS/File Descripter Metadata/Issue&revision
 attribute  /HDFEOS/POINTS/File Descripter Metadata/Product name
 attribute  /HDFEOS/POINTS/File Descripter Metadata/Radiometric correction software ID
 attribute  /HDFEOS/POINTS/File Descripter Metadata/_LevelWritten
 attribute  /HDFEOS/POINTS/File Descripter Metadata/processing end time
 attribute  /HDFEOS/POINTS/File Descripter Metadata/processing start time
 attribute  /HDFEOS/POINTS/File Descripter Metadata/processing time
 attribute  /HDFEOS/POINTS/File Descripter Metadata/station latitude
 attribute  /HDFEOS/POINTS/File Descripter Metadata/station longitude
 attribute  /HDFEOS/POINTS/File Descripter Metadata/station name
 group      /HDFEOS/POINTS/File Descripter Metadata/Data
 group      /HDFEOS/POINTS/File Descripter Metadata/Linkage

to display specific attribute:
jconchas@anly104:~/data2/GOCI$ h5dump -a "/HDFEOS/POINTS/Scene Header/Scene Start time" COMS_GOCI_L1B_GA_20110409/COMS_GOCI_L1B_GA_20110409001644.he5
HDF5 "COMS_GOCI_L1B_GA_20110409/COMS_GOCI_L1B_GA_20110409001644.he5" {
ATTRIBUTE "Scene Start time" {
   DATATYPE  H5T_STRING {
      STRSIZE 24;
      STRPAD H5T_STR_NULLTERM;
      CSET H5T_CSET_ASCII;
      CTYPE H5T_C_S1;
   }
   DATASPACE  SCALAR
   DATA {
   (0): "09-APR-2011 00:15:39.000"
   }
}
}

to display the complete group:
jconchas@anly104:/data2/jconchas/GOCI$ h5dump -g "/HDFEOS/POINTS/Scene Header" COMS_GOCI_L1B_GA_20110409/COMS_GOCI_L1B_GA_20110409001644.he5    

jconchas@anly104:/data2/jconchas/GOCI$ h5dump -g "/HDFEOS/POINTS/File Descripter Metadata" COMS_GOCI_L1B_GA_20110409/COMS_GOCI_L1B_GA_20110409001644.he5     
--------------------------------------------------
2016-03-02 Wed
time for the SeaBASS file:
/start_time=6:31:02[GMT]
/end_time=6:43:35[GMT]
GMT: Greenwich Mean Time

GOCI: eight times a day
during the daytime (from 10 AM to 5 PM Local Time)
--------------------------------------------------
2016-03-03 Thu
jconchas@gs616-tidal:COMS_GOCI_L1B_GA_201512240x1640$ h5dump -A COMS_GOCI_L1B_GA_20151224001640.he5 |less
            ATTRIBUTE "processing start time" {
               DATATYPE  H5T_STRING {
                  STRSIZE 24;
                  STRPAD H5T_STR_NULLTERM;
                  CSET H5T_CSET_ASCII;
                  CTYPE H5T_C_S1;
               }
               DATASPACE  SCALAR
               DATA {
               (0): "24-DEC-2015 00:16:40.000"
               }
            }
            ATTRIBUTE "processing start time" {
               DATATYPE  H5T_STRING {
                  STRSIZE 24;
                  STRPAD H5T_STR_NULLTERM;
                  CSET H5T_CSET_ASCII;
                  CTYPE H5T_C_S1;
               }
               DATASPACE  SCALAR
               DATA {
               (0): "24-DEC-2015 00:16:40.000"
               }
            }
            ATTRIBUTE "processing time" {
               DATATYPE  H5T_IEEE_F64LE
               DATASPACE  SIMPLE { ( 1 ) / ( 1 ) }
               DATA {
               (0): 2330
               }
            }
            ATTRIBUTE "Scene Start time" {
               DATATYPE  H5T_STRING {
                  STRSIZE 24;
                  STRPAD H5T_STR_NULLTERM;
                  CSET H5T_CSET_ASCII;
                  CTYPE H5T_C_S1;
               }
               DATASPACE  SCALAR
               DATA {
               (0): "24-DEC-2015 00:15:35.000"
               }
            }
            ATTRIBUTE "Scene center time" {
               DATATYPE  H5T_STRING {
                  STRSIZE 24;
                  STRPAD H5T_STR_NULLTERM;
                  CSET H5T_CSET_ASCII;
                  CTYPE H5T_C_S1;
               }
               DATASPACE  SCALAR
               DATA {
               (0): "24-DEC-2015 00:28:44.156"
               }
            }
            ATTRIBUTE "Scene end time" {
               DATATYPE  H5T_STRING {
                  STRSIZE 24;
                  STRPAD H5T_STR_NULLTERM;
                  CSET H5T_CSET_ASCII;
                  CTYPE H5T_C_S1;
               }
               DATASPACE  SCALAR
               DATA {
               (0): "24-DEC-2015 00:42:11.000"
               }
            }
--------------------------------------------------
2016-03-14 Mon
git pull remote repo and create new band:
jconchas@gs616-tidal:Latex$ git remote
jconchas@gs616-tidal:Latex$ git branch new_branch
jconchas@gs616-tidal:Latex$ git branch
* master
  new_branch
jconchas@gs616-tidal:Latex$ git checkout new_branch
Switched to branch 'new_branch'
--------------------------------------------------
2016-03-16 Wed
error installing SeaDAS source code:
error: Recv failure: Operation timed out (curl_result = 56, http_code = 0, sha1 = 70447bff1ceb5aa2ad32f92675bfeee22b636876)
error: Unable to find 70447bff1ceb5aa2ad32f92675bfeee22b636876 under http://oceandata.sci.gsfc.nasa.gov/ocssw/bin-macosx_intel.git
Cannot obtain needed blob 70447bff1ceb5aa2ad32f92675bfeee22b636876
while processing commit 387f19f1321cc58c4286d3e67e7f9ba71335f923.
error: fetch failed.
Error - Could not run "cd /Applications/seadas-7.3/ocssw/run/bin/macosx_intel; git fetch -q > /dev/null"


--------------------------------------------------
2016-03-30 Wed
From Antonio, coefficients for the MLRC algorithm for Landsat 8's band center bands:
CONSTANT= -2.6156
LN_RRS443 = -1.0670
LN_RRS560 = 0.9542

--------------------------------------------------
2016-04-01 Fri

svn update in anly4:
5.1.15.tar.Z
D    lib3/src/proj4/proj-4.8.0.tar.gz
A    lib3/src/proj4/proj.4-4.9.2.tar.gz
U    lib3/src/proj4/BuildIt
U    lib3/src/proj4/README
Updated to revision 12765.
jconchas@anly104:~/ocssw/

--------------------------------------------------
2016-04-06 Wed
to checkout in my local machine (gs616-tidal):
$ svc co svn://localhost/OCSSW/trunk ocssw
q
to tunnel the svn server:
$ssh jconchas@obpg-torii.sci.gsfc.nasa.gov  -f -N -L3690:svn101:3690 

Otherwise it does not update. 
to update:
$svn up

--------------------------------------------------
2016-04-07 Thu
error at the end of building 3rd party libraries
============================
Testing hdftest 
/bin/sh: line 1:  6160 Segmentation fault: 11  srcdir="." ./${tname} >> ${log} 2>&1
----------------------------
hdftest  Test Log
----------------------------
Testing create/read/write compressed datasets (tcomp.c)                PASSED
Testing create/read/write chunked datasets (tchunk.c)                  PASSED
Testing reading of netCDF file using the SDxxx inteface (tnetcdf.c)   make[5]: *** [hdftest.chkexe_] Error 1
make[4]: *** [build-check-s] Error 2
make[3]: *** [test] Error 2
make[2]: *** [check-am] Error 2
make[1]: *** [check-recursive] Error 1
make: *** [check-recursive] Error 1
***** make check failed *****
***** BuildIt (hdf4) failed *****
SOLVED: $export $LIB3_CHECK=1
--------------------------------------------------
2016-04-11 Mon
to decompress file from SeaBASS:
jconchas@gs616-tidal:InSituData$ gzip -d bio1460395980588062.tgz 
jconchas@gs616-tidal:InSituData$ ls
Javier/                   VIIRS2014CaryCDOMa_g/     VIIRS2014CaryCDOMa_g.zip  bio1460395980588062.tar
jconchas@gs616-tidal:InSituData$ tar -xvf bio1460395980588062.tar 
 torii:
p/w: L@S!ren!ta15

--------------------------------------------------
2016-04-15 Fri
to do:
- Compile l2gen locally
- Change cdom_mannino.c
- Calculate s_{CDOM}300-600
- Study Diurnal variability GOCI
- Collect DOC in situ data

Compiling netcdf for l2gen locally, ERROR error:
checking whether we are cross compiling... configure: error: in `/Users/jconchas/Applications/ocssw/build/lib3/src/netcdf/netcdf-cxx4-4.2.1':
configure: error: cannot run C compiled programs.
If you meant to cross compile, use `--host'.
See `config.log' for more details
***** configure failed *****


svn co svn://svn101/OCSSW/trunk/build ocssw

--------------------------------------------------
2016-04-19 Tue
From Sean:
Javier,

That will work, but it's probably better to do :

$ svn co -N svn://svn101/OCSSW/trunk ocssw
$ cd ocssw
$ svn update build

Sean

libjpeg.so.9
/SetupSwath: error while loading shared libraries: libjpeg.so.9: cannot open shared object file: No such file or directory

--------------------------------------------------
2016-04-20 Wed
l2gen compiled in anly4:
jconchas@anly104:~/ocssw$ /home/jconchas/ocssw/run/bin/linux_64/l2gen --version
l2gen 9.0.2-r12855 (Apr 19 2016 18:00:46)

l2gen last compiled in anly4:
jconchas@anly104:~/ocssw/run/bin/linux_64$ which l2gen
/home/jconchas/ocssw/run/bin/linux_64/l2gen
jconchas@anly104:~/ocssw/run/bin/linux_64$ l2gen --version
l2gen 9.0.2-r12855 (Apr 20 2016 16:02:06)
jconchas@anly104:~/ocssw/run/bin/linux_64$ ./l2gen --version
l2gen 9.0.2-r12855 (Apr 20 2016 16:02:06)
jconchas@anly104:~/ocssw/run/bin/linux_64$ echo $LIB3_CHECK
1
jconchas@anly104:~/ocssw/run/bin/linux_64$ echo $OCSSW_DEBUG
1

error after compiling l2gen:
jconchas@anly104:/data2/jconchas/GOCI/COMS_GOCI_L1B_GA_20131002$ l2gen ifile=COMS_GOCI_L1B_GA_20131002001643.he5 ofile=COMS_GOCI_L1B_GA_20131002001643.he5_L2.nc aer_opt=-1
Input file COMS_GOCI_L1B_GA_20131002001643.he5 is a GOCI L1B HDF 5 file.
Loading default parameters from /home/jconchas/ocssw/run/data/common/msl12_defaults.par
-E- clo_readFile: Can't open parameter file - /home/jconchas/ocssw/run/data/common/msl12_defaults.par

to update the first level svn: 
jconchas@anly104:~/ocssw$ svn ls |xargs svn up -N

to checkout a subdirectory without all the content in svn:
svn co -N svn://svn101/OCSSW/trunk/run/data/ data/

then to checkout a subdirectory with content:
svn co svn://svn101/OCSSW/trunk/run/data/common/ common/
--------------------------------------------------
2016-04-22 Fri
error trying to build third party libraries from src code in the SeaDAS 7.3.1 in home directorie:
checking for suffix of executables... 
checking whether we are cross compiling... configure: error: in `/Users/jconchas/Applications/seadas-7.3.1/ocssw/build/lib3/src/netcdf/netcdf-cxx4-4.2.1':
configure: error: cannot run C compiled programs.
If you meant to cross compile, use `--host'.
See `config.log' for more details
***** configure failed *****
***** BuildIt (netcdf) failed *****


--------------------------------------------------
2016-04-25 Mon
 1079  echo $OCSSWROOT 
 1080  export OCSSWROOT=/Users/jconchas/Applications/seadas-7.3.1/ocssw
 1081  source /Users/jconchas/Applications/seadas-7.3.1/ocssw/OCSSW_bash.env 
 1082  cd ..
 1083  ls
 1084  cd src/
 1085  env | grep OCSSW
 1086  env | grep LIB3
 1087  export LIB3_CHECK=0
 1088  env | grep LIB3
 1089  ./BuildIt 

...updated 11428 targets...

Everything Built Successfully


jconchas@gs616-tidal-128154165007:src$ !1079
echo $OCSSWROOT 
/Users/jconchas/Applications/seadas-7.3.1/ocssw
jconchas@gs616-tidal-128154165007:src$ !1085
env | grep OCSSW
OCSSW_ARCH=macosx_intel
OCSSWROOT=/Users/jconchas/Applications/seadas-7.3.1/ocssw
OCSSW_BIN=/Users/jconchas/Applications/seadas-7.3.1/ocssw/run/bin/macosx_intel
OCSSW_DEBUG=0
jconchas@gs616-tidal-128154165007:src$ !1086
env | grep LIB3
LIB3_DIR=/Users/jconchas/Applications/seadas-7.3.1/ocssw/build/lib3
LIB3_CHECK=0
LIB3_LIB=/Users/jconchas/Applications/seadas-7.3.1/ocssw/build/lib3/lib
LIB3_BIN=/Users/jconchas/Applications/seadas-7.3.1/ocssw/run/bin3/macosx_intel
LIB3_INC=/Users/jconchas/Applications/seadas-7.3.1/ocssw/build/lib3/include

to create svn rep:
- create directory where the rep will be located: 
jconchas@gs616-tidal-128154165007:seadas-7.3.1$ mkdir svnrep
jconchas@gs616-tidal-128154165007:seadas-7.3.1$ cd svnrep/
jconchas@gs616-tidal-128154165007:svnrep$ ls

- create repo:
jconchas@gs616-tidal-128154165007:svnrep$ svnadmin create ocssw_svnrep
jconchas@gs616-tidal-128154165007:svnrep$ ls
ocssw_svnrep/


- create empty directory:
jconchas@gs616-tidal-128154165007:seadas-7.3.1$ mkdir ocssw_svnwork

- import empty directory to the svn repo"
jconchas@gs616-tidal-128154165007:seadas-7.3.1$ svn import ocssw_svnwork/ file:///Users/jconchas/Applications/seadas-7.3.1/svnrep/ocssw_svnrep/trunk -m "Initial import"

- check out repo in a workind directory:
jconchas@gs616-tidal-128154165007:ocssw_svnwork$ svn co file:///Users/jconchas/Applications/seadas-7.3.1/svnrep/ocssw_svnrep/trunk .
Checked out revision 1.

--------------------------------------------------
2016-04-26 Tue
error after lib3 built:
jconchas@gs616-tidal-128154165007:cbuild$ cmake ..
[  8%] Building C object src/liboli/CMakeFiles/oli.dir/wviifor.c.o
[  8%] Building C object src/liboli/CMakeFiles/oli.dir/wviiinv.c.o
6 warnings generated.
[  8%] Linking C static library libmeris.a
[  8%] Built target meris
[  8%] Linking C static library liboli.a
/Applications/Xcode.app/Contents/Developer/Toolchains/XcodeDefault.xctoolchain/usr/bin/ranlib: file: liboli.a(br_gctp.c.o) has no symbols
/Applications/Xcode.app/Contents/Developer/Toolchains/XcodeDefault.xctoolchain/usr/bin/ranlib: file: liboli.a(br_gctp.c.o) has no symbols
[  8%] Built target oli
1 warning generated.
[  8%] Linking CXX executable nccmp
clang: error: unsupported option '-static-libgcc'
make[2]: *** [src/nccmp/nccmp] Error 1
make[1]: *** [src/nccmp/CMakeFiles/nccmp.dir/all] Error 2
make: *** [all] Error 2


to look in Macports:
jconchas@gs616-tidal-128154165007:~$ port search gcc|less

--------------------------------------------------
2016-04-27 Wed
- with:

jconchas@gs616-tidal-128154165007:src$ ../../../show_var.sh 
OCSSWROOT=/Users/jconchas/Applications/seadas-7.3.1/ocssw_svnwork
OCSSW_DEBUG=0
LIB3_CHECK=0
CC=gcc-mp-4.8
CXX=g++-mp-4.8
FC=gfortran-mp-4.8

- ERROR:

[ 39%] Building Fortran object Healpix_3.11/src/f90/mod/CMakeFiles/healpix.dir/ran_tools_dist.f90.o
/Users/jconchas/Applications/seadas-7.3.1/ocssw_svnwork/build/lib3/src/healpix/Healpix_3.11/src/f90/mod/long_intrinsic.F90:45.6:

  use healpix_types, only: i4b, i8b, sp, dp, lgt
      1
Fatal Error: File 'healpix_types.mod' opened at (1) is not a GNU Fortran module file
make[3]: *** [Healpix_3.11/src/f90/mod/CMakeFiles/healpix.dir/long_intrinsic.F90.o] Error 1
make[2]: *** [Healpix_3.11/src/f90/mod/CMakeFiles/healpix.dir/long_intrinsic.F90.o.provides] Error 2
make[2]: *** Waiting for unfinished jobs....
/Users/jconchas/Applications/seadas-7.3.1/ocssw_svnwork/build/lib3/src/healpix/Healpix_3.11/src/f90/mod/rngmod.f90:39.6:

  use healpix_types
      1
Fatal Error: File 'healpix_types.mod' opened at (1) is not a GNU Fortran module file
/Users/jconchas/Applications/seadas-7.3.1/ocssw_svnwork/build/lib3/src/healpix/Healpix_3.11/src/f90/mod/bit_manipulation.F90:36.4:

use healpix_types
    1
Fatal Error: File 'healpix_types.mod' opened at (1) is not a GNU Fortran module file
make[3]: *** [Healpix_3.11/src/f90/mod/CMakeFiles/healpix.dir/rngmod.f90.o] Error 1
make[3]: *** [Healpix_3.11/src/f90/mod/CMakeFiles/healpix.dir/bit_manipulation.F90.o] Error 1
make[2]: *** [Healpix_3.11/src/f90/mod/CMakeFiles/healpix.dir/bit_manipulation.F90.o.provides] Error 2
make[2]: *** [Healpix_3.11/src/f90/mod/CMakeFiles/healpix.dir/rngmod.f90.o.provides] Error 2
/Users/jconchas/Applications/seadas-7.3.1/ocssw_svnwork/build/lib3/src/healpix/Healpix_3.11/src/f90/mod/extension.F90:47.6:

  USE healpix_types, ONLY : I4B
      1
Fatal Error: File 'healpix_types.mod' opened at (1) is not a GNU Fortran module file
make[3]: *** [Healpix_3.11/src/f90/mod/CMakeFiles/healpix.dir/extension.F90.o] Error 1
make[2]: *** [Healpix_3.11/src/f90/mod/CMakeFiles/healpix.dir/extension.F90.o.provides] Error 2
/Users/jconchas/Applications/seadas-7.3.1/ocssw_svnwork/build/lib3/src/healpix/Healpix_3.11/src/f90/mod/obsolete.f90:60.6:

  use healpix_types
      1
Fatal Error: File 'healpix_types.mod' opened at (1) is not a GNU Fortran module file
make[3]: *** [Healpix_3.11/src/f90/mod/CMakeFiles/healpix.dir/obsolete.f90.o] Error 1
make[2]: *** [Healpix_3.11/src/f90/mod/CMakeFiles/healpix.dir/obsolete.f90.o.provides] Error 2
/Users/jconchas/Applications/seadas-7.3.1/ocssw_svnwork/build/lib3/src/healpix/Healpix_3.11/src/f90/mod/ran_tools_dist.f90:31.4:

use healpix_types
    1
Fatal Error: File 'healpix_types.mod' opened at (1) is not a GNU Fortran module file
make[3]: *** [Healpix_3.11/src/f90/mod/CMakeFiles/healpix.dir/ran_tools_dist.f90.o] Error 1
make[2]: *** [Healpix_3.11/src/f90/mod/CMakeFiles/healpix.dir/ran_tools_dist.f90.o.provides] Error 2
[ 42%] Linking C static library libchealpix.a
[ 42%] Built target chealpix
make[1]: *** [Healpix_3.11/src/f90/mod/CMakeFiles/healpix.dir/all] Error 2
make[1]: *** Waiting for unfinished jobs....
[ 46%] Linking C static library libsharp_healpix_f.a
[ 46%] Built target sharp_healpix_f
make: *** [all] Error 2
***** make failed *****
***** BuildIt (healpix) failed *****

now with FC=gfortran lib3 was built but following error:

[  8%] Building C object src/liboli/CMakeFiles/oli.dir/wviiinv.c.o
make[1]: *** [src/lib24to8/CMakeFiles/24to8.dir/all] Error 2
[  8%] Linking C static library libmeris.a
[  8%] Built target meris
[  8%] Linking C static library liboli.a
/opt/local/bin/ranlib: file: liboli.a(br_gctp.c.o) has no symbols
/opt/local/bin/ranlib: file: liboli.a(br_gctp.c.o) has no symbols
[  8%] Built target oli
[  8%] Linking CXX executable nccmp
[  8%] Built target nccmp
make: *** [all] Error 2

--------------------------------------------------
2016-04-28 Thu

- Change path to X11 in CMakeLists.txt:
jconchas@gs616-tidal-128154165007:build$ pwd
/Users/jconchas/Applications/seadas-7.3.1/ocssw_svnwork/build

jconchas@gs616-tidal-128154165007:build$ cat CMakeLists.txt
include_directories (
  ${CMAKE_SOURCE_DIR}/lib3/include
  ${CMAKE_SOURCE_DIR}/include
  /usr/X11/include
)
- delete previous libraries built: 

rm -rf EOS/ bin/ include/ lib/ man/ share/

- Not building this lib:
/Users/jconchas/Applications/seadas-7.3.1/ocssw_svnwork/build/lib3/src/sdptk

- Don built the following library in his mac and put it in my mac:
jconchas@gs616-tidal-128154165007:EOS$ pwd
/Users/jconchas/Applications/seadas-7.3.1/ocssw_svnwork/build/lib3/EOS
 mv EOS/ EOS.old

 1462  tar tzf eos.tar.gz 
 1463  tar xzf eos.tar.gz 

--------------------------------------------------
2016-04-29 Fri

jconchas@gs616-tidal-128154165007:LC80720212014209LGN00$ lonlat2pixline LC80720212014209LGN00_MTL.txt -158.10155 55.965103 -158.09918 55.966434
# 4038 4042 3814 3818
sline=3814
eline=3818
spixl=4038
epixl=4042

jconchas@gs616-tidal-128154165007:LC80720212014209LGN00$ l2gen ifile=LC80720212014209LGN00_MTL.txt ofile=LC80720212014209LGN00_L2test.nc l2prod="default,ag_412_mlrc" sline=3814 eline=3818 spixl=4038 epixl=4042

--------------------------------------------------
2016-05-05 Fri

COMS_GOCI_L1B_GA_20151014001656.he5
COMS_GOCI_L1B_GA_20151009001650.he5
COMS_GOCI_L1B_GA_20150909001642.he5
COMS_GOCI_L1B_GA_20150910001640.he5
COMS_GOCI_L1B_GA_20150911001643.he5
COMS_GOCI_L1B_GA_20150913001640.he5
COMS_GOCI_L1B_GA_20150709001642.he5
COMS_GOCI_L1B_GA_20150425001642.he5
COMS_GOCI_L1B_GA_20150510001633.he5
COMS_GOCI_L1B_GA_20120527001639.he5
--------------------------------------------------
2016-05-17 Mon
Dani's tips:
cd .seadas/beam-core/auxdata/rgb_profiles

rhos_469
555
645

/seadas/.seadas/beam-ui/auxdata/color-palletes
--------------------------------------------------
2016-05-18 Tue
to install aqua in SeaDAS 7.3:
jconchas@gs616-tidal-128154165007:data$ pwd
/Users/jconchas/Applications/seadas-7.3.1/ocssw/run/data
jconchas@gs616-tidal-128154165007:data$ ../scripts/install_ocssw.py --aqua --git-branch=v7.3

1600  git status
 1601  git pull
 1602  cd ..
 1603  ls
 1604  cd bin
 1605  cd macosx_intel/
 1606  git status
 1607  git pull
 1608  cd ..
 1609  cd ..
 1610  cd bin3/
 1611  git pull
 1612  cd macosx_intel/
 1613  git pull
 1614  cd ..
 1615  cd ..
 1616  ls
 1617  cd data/
 1618  ls
 1619  cd common/
 1620  git pull
 1621  cd ../goci/
 1622  git pull
 1623  cd ..
 1624  cd modis/
 1625  git status
 1626  git branch -a
 1627  cd ..
 1628  ls
 1629  cd ocrvc/
 1630  git status
 1631  git log
 1632  git pull
 1633  git branch -a
 1634  git checkout v7.3
 1635  git pull
 1636  cd ..
 1637  ls
 1638  cd oli/
 1639  git status
 1640  git pull
 1641  cd ..
 1642  ls
 1643  cd modis/
 1644  git branch -a
 1645  cd ..
 1646  cd modis/
 1647  git config --list
 1648  git status
 1649  cd ..
 1650  cd ..
 1651  ls
 1652  cd ..
 1653  s
 1654  ls
 1655  cd build/
 1656  ls
 1657  git status
 1658  git pull
 1659  git branch -a
 1660  cd ..
 1661  cd run/data/
 1662  ls
 1663  rm -rf modis/
 1664  ./install_ocssw.py --help
 1665  ../scripts/install_ocssw.py --help
 1666  ./install_ocssw.py --aqua --git-branch=v7.3
 1667  ../scripts/install_ocssw.py --aqua --git-branch=v7.3

--------------------------------------------------
2016-05-24 Tue
for mosaic in SeaDAS:
1 degree = 111.3km
from:
http://gis.stackexchange.com/questions/115032/how-to-know-the-gsd-grid-size-resolution-in-meters-of-an-existing-raster-when

therefore: 0.001 degrees =~ 100 m

Still processing:
LC81680042013223LGN00
LC81780052013197LGN00
LC81680052013191LGN00

--------------------------------------------------
2016-05-25 Wed
readsb.m:
- Does not read date as: 2016-05-25 only 20160525
- Does not read filename or string

Images not available from AERONET:
L8 OLI/TIRS	LC81810292013122LGN00
L8 OLI/TIRS	LC81810292013138LGN00
L8 OLI/TIRS	LC81870182013132LGN00
L8 OLI/TIRS	LC81890182013178LGN00
L8 OLI/TIRS	LC80120312013094LGN00
L8 OLI/TIRS	LC80120312013099LGN00
L8 OLI/TIRS	LC80120312013106LGN00
L8 OLI/TIRS	LC80120312013122LGN00

For Rrs AERONET-OC:
- 1032 in situ points
- 165 points with possible matchups but some of them in the same image, and therefore, 131 possible images but the images above not available (8).
--------------------------------------------------
2016-05-31 Tue

aer_opt (int) (default=99) = aerosol mode option
-1: Multi-scattering with 2-band model selection
-2: Multi-scattering with 2-band, RH-based model selection and
    iterative NIR correction
-10: Multi-scattering with MUMM correction
    and MUMM NIR calculation 

jconchas@anly104:~/ocssw/run/data/oli$ vim msl12_filterUSER.dat
#############################################################
#ltmean,  1,  7,  7,  1
#ltmean,  2,  7,  7,  1
#ltmean,  3,  7,  7,  1
#ltmean,  4,  7,  7,  1
#ltmean,  5,  7,  7,  1
ltmean,  6,  5,  5,  1
ltmean,  7,  5,  5,  1

size or space directory:
du -h
du -d 1

--------------------------------------------------
2016-06-06 Mon

21 scenes not found in AERONET:
LC80110312013081LGN00
LC80120312013094LGN00
LC80120312013099LGN00
LC80120312013106LGN00
LC80120312013122LGN00
LC81280532014010LGN00
LC81280532014074LGN00
LC81810292013122LGN00
LC81810292013138LGN00
LC81870182013132LGN00
LC81870182013180LGN00
LC81870182013212LGN00
LC81880182013139LGN00
LC81880182013203LGN00
LC81890182013162LGN00
LC81890182013178LGN00
LC81890182013242LGN00
LC81910292013088LGN00
LC81910292013112LGN00
LC81920282013083LGN00
LC81920282013135LGN00

jconchas@gs616-tidal-128154165007:LC80720212014209LGN00$ lonlat2pixline -x 50 -y 50 LC80720212014209LGN00_MTL.txt -156.29243 54.792473
#Lon=-156.292435
#Lat=54.792473
sline=8019
eline=8070
spixl=7920
epixl=7970

To evaluate an output from grep:
eval "$(grep "eline" temp.txt)"

--------------------------------------------------
2016-06-07 Tue
B = unique({Matchup.id_scene}');
>> whos B InSitu DB Matchup
  Name           Size                Bytes  Class     Attributes

  B            369x1                 56826  cell                
  DB             1x1755            1264816  struct              
  InSitu         1x1032            1349272  struct              
  Matchup        1x771              211382  struct 

to delete repeated:
uniq idlatlon_list.txt > idlatlon_list.txt

to obtain the different:
jconchas@anly104:~/data2/LANDSAT8/L8_Rrs_Matchups_AERONET$ comm -23 needed_listSORTED.txt have_listSORTED.txt 

how to scroll in tmux:
http://superuser.com/questions/209437/how-do-i-scroll-in-tmux
ctr+B -> [ and then arrows

--------------------------------------------------
2016-06-10 Fri
to find empty cells:
cellfun('isempty',{Matchup.scenetime})

--------------------------------------------------
2016-06-14 Tue
to grep from a list in a file:
jconchas@anly104:/data2/jconchas/LANDSAT8/L8_Rrs_Matchups_AERONET$ cat temp3.txt | xargs -I {} grep {} idlatlon_list.txt

--------------------------------------------------
2016-06-28 Tue

to rm exclude a file:
find . -not -name idlatlon_list.txt -name "idlatlon_list*"|xargs rm


--------------------------------------------------
2016-06-29 Wed

replace LGN01 or 02 in Matchup.id_scene:
./LC80130322013177LGN01/LC80130322013177LGN01_MTL.txt
./LC80400372013142LGN01/LC80400372013142LGN01_MTL.txt
./LC80410372013133LGN01/LC80410372013133LGN01_MTL.txt
./LC80120312013106LGN01/LC80120312013106LGN01_MTL.txt
./LC81950192013140LGN01/LC81950192013140LGN01_MTL.txt
./LC81810292013106LGN01/LC81810292013106LGN01_MTL.txt
./LC80120312013138LGN01/LC80120312013138LGN01_MTL.txt
./LC80110312013131LGN01/LC80110312013131LGN01_MTL.txt
./LC81870182013132LGN01/LC81870182013132LGN01_MTL.txt
./LC81810292013122LGN01/LC81810292013122LGN01_MTL.txt
./LC81880182013139LGN01/LC81880182013139LGN01_MTL.txt
./LC80120312013122LGN01/LC80120312013122LGN01_MTL.txt
./LC81910292013112LGN01/LC81910292013112LGN01_MTL.txt
./LC81810292013138LGN01/LC81810292013138LGN01_MTL.txt
./LC80400372013110LGN01/LC80400372013110LGN01_MTL.txt
./LC80410372013101LGN01/LC80410372013101LGN01_MTL.txt
./LC81890182013178LGN01/LC81890182013178LGN01_MTL.txt
./LC81920282013135LGN01/LC81920282013135LGN01_MTL.txt
./LC80410372013117LGN02/LC80410372013117LGN02_MTL.txt

to grep from a list:
cat scene_list.txt | xargs -I {} grep {} idlatlon_listORIGINAL_all.txt |uniq > idlatlon_list.txt

to highlight search in less program:
:set hlsearch

--------------------------------------------------
2016-06-30 Thu

DONE: For the AERONET-OC validation for Landsat 8: The calculation of the scene id will output file only ending in LGN00. Then, by hand the id that are not found in the server using the python script are checked in earthexplorer, and downloaded using the phyton script. The Matlab script handle the different possibles endings. 


not found in matlab:
Warning: Warning: file does not exist:
/Users/jconchas/Documents/Research/LANDSAT8/Images/L8_Rrs_Matchups_AERONET/L8_Rrs_Matchups_AERONET_L2/LC81930192015196LGN00_L2n2.nc
 
 
Warning: Warning: file does not exist:
/Users/jconchas/Documents/Research/LANDSAT8/Images/L8_Rrs_Matchups_AERONET/L8_Rrs_Matchups_AERONET_L2/LC81950192015274LGN00_L2n2.nc
 
 
Warning: Warning: file does not exist:
/Users/jconchas/Documents/Research/LANDSAT8/Images/L8_Rrs_Matchups_AERONET/L8_Rrs_Matchups_AERONET_L2/LC80400372014321LGN00_L2n2.nc
 
 
Warning: Warning: file does not exist:
/Users/jconchas/Documents/Research/LANDSAT8/Images/L8_Rrs_Matchups_AERONET/L8_Rrs_Matchups_AERONET_L2/LC81920282015141LGN00_L2n2.nc

--------------------------------------------------
2016-07-07 Thu
How to look if image exist:
http://earthexplorer.usgs.gov/browse/landsat_8/2013/041/037/LC80410372013117LGN00.jpg
http://earthexplorer.usgs.gov/browse/landsat_8/2013/041/037/LC80410372013117LGN01.jpg
http://earthexplorer.usgs.gov/browse/landsat_8/2013/041/037/LC80410372013117LGN02.jpg

http://earthexplorer.usgs.gov/browse/thumbnails/landsat_8/2013/041/037/LC80410372013117LGN02.jpg


jconchas@anly104:~/data2/LANDSAT8/L8_Rrs_Matchups_AERONET$ cat file_on_site.txt       
LC80110312013115LGN01
LC80120312014061LGN01
LC80120312014365LGN01
LC80220402015102LGN01
LC80950732014195LGN01
LC81810292013234LGN01
LC81890182013210LGN01

jconchas@anly104:~/data2/LANDSAT8/L8_Rrs_Matchups_AERONET$ cat file_not_on_site.txt 
LC80110312013081LGN01
LC80110312015041LGN01
LC80120312013094LGN01
LC80120312013099LGN01
LC80220402013088LGN01
LC80400372013078LGN01
LC80410372013091LGN01
LC81810292013099LGN01
LC81910292013088LGN01
LC81920282013083LGN01


--------------------------------------------------
2016-07-11 Mon
For Tara Rrs, only 9 possible matchups from 27 in situ mea.:
>> {Matchup.id_scene}'

ans = 

    'LC81680042013223LGN00'
    'LC81050102013246LGN00'
    'LC80090112013293LGN00'
    'LC81680052013191LGN00'
    'LC81780052013197LGN00'
    'LC81650082013202LGN00'
    'LC80340092013276LGN00'
    'LC80360082013274LGN00'
    'LC80340082013276LGN00'


1 image could not work using scheduler.sh:
from the L2n2SWIR5x5.nc file (that for some reason worked OK at some point...)
l2gen ifile=./LC80110312013081LGN01/LC80110312013081LGN01_MTL.txt ofile1=./LC80110312013081LGN01/LC80110312013081LGN01_L2n2SWIR5x5.nc aer_opt=-2 ctl_pt_incr=1 maskglint=1 l2prod=default,ag_412_mlrc,rhos_vvv aer_wave_long=2201 aer_wave_short=1609 filter_file=/home/jconchas/ocssw/run/data/oli/msl12_filterUSER.dat filter_opt=1 sline=3878 eline=3978 spixl=3503 epixl=3603


AERONET-OC COVE_SEAPRISM
N 36^o 53'60"
W 75^o 42'36"
36° 53' 60"
= 36° + 53'/60 + 60"/3600
= 36.9° N

75° 42' 36"
= 75° + 42'/60 + 36"/3600
= 75.71°

Image LC80140342016161LGN00:
- Platform seems to be in a different location to in situ AERONET-OC file in about 17px horizontal direction (NS) and 8px vertical direction (NS)  


jconchas@gs616-tidal:LANDSAT8$ cat temp.txt |sort|uniq
aoc_bukhoosh_l20
aoc_cove_l20
aoc_gageocho_l20
aoc_galata_l20
aoc_gloria_l20
aoc_got_l20
aoc_gustav_l20
aoc_helsinki_l20
aoc_ieodo_l20
aoc_kaust_l20
aoc_lisco_l20
aoc_lucinda_l20
aoc_mvco_l20
aoc_palgrunden_l20
aoc_usc_l20
aoc_venise_l20
aoc_wavecis_l20
aoc_zeebrugge_l20
--------------------------------------------------
2016-07-21 Thu
from the CDOM plot for AERONET-OC:
>> cursor_info1

cursor_info1 = 

       Target: [1x1 Line]
     Position: [0.7787 0.2282]
    DataIndex: 31

>> cursor_info2

cursor_info2 = 

       Target: [1x1 Line]
     Position: [0.7380 0.1831]
    DataIndex: 23

>> cursor_info3

cursor_info3 = 

       Target: [1x1 Line]
     Position: [0.6328 0.0915]
    DataIndex: 24

>> cursor_info4

cursor_info4 = 

       Target: [1x1 Line]
     Position: [0.4819 0.1539]
    DataIndex: 22

>> cursor_info5

cursor_info5 = 

       Target: [1x1 Line]
     Position: [0.4911 0.2561]
    DataIndex: 30


>> InSitu(Matchup_l2prod(22).Rrs_443_insitu_index)

ans = 

       station: {'aoc_helsinki_l20_201305'}
       data_id: {'304839'}
    wavelength: [1x17 double]
           Rrs: [1x17 double]
           lat: 59.9490
           lon: 24.9264
             t: 28-May-2013 09:51:12

>> InSitu(Matchup_l2prod(23).Rrs_443_insitu_index)

ans = 

       station: {'aoc_helsinki_l20_201308'}
       data_id: {'305102'}
    wavelength: [1x17 double]
           Rrs: [1x17 double]
           lat: 59.9490
           lon: 24.9264
             t: 16-Aug-2013 09:58:33

>> InSitu(Matchup_l2prod(24).Rrs_443_insitu_index)

ans = 

       station: {'aoc_helsinki_l20_201409'}
       data_id: {'326191'}
    wavelength: [1x17 double]
           Rrs: [1x17 double]
           lat: 59.9490
           lon: 24.9264
             t: 02-Sep-2014 09:33:06

>> InSitu(Matchup_l2prod(31).Rrs_443_insitu_index)

ans = 

       station: {'aoc_palgrunden_l20_201505'}
       data_id: {'327287'}
    wavelength: [1x17 double]
           Rrs: [1x17 double]
           lat: 58.7553
           lon: 13.1515
             t: 26-May-2015 09:38:29

>> InSitu(Matchup_l2prod(32).Rrs_443_insitu_index)

ans = 

       station: {'aoc_palgrunden_l20_201508'}
       data_id: {'327606'}
    wavelength: [1x17 double]
           Rrs: [1x17 double]
           lat: 58.7553
           lon: 13.1515
             t: 21-Aug-2015 10:24:13

>> Matchup_l2prod(22)

ans = 

                scene_id: 'LC81870182013148LGN00'
              scene_time: 28-May-2013 09:25:32
             scene_ACpar: '_L2n2.nc'
       Rrs_443_filt_mean: 0.0026
          Rrs_443_insitu: 6.4301e-04
     Rrs_443_insitu_time: 28-May-2013 09:51:12
    Rrs_443_insitu_index: 4768
       Rrs_482_filt_mean: 0.0029
          Rrs_486_insitu: 0.0010
     Rrs_486_insitu_time: 28-May-2013 09:51:12
    Rrs_486_insitu_index: 4768
       Rrs_561_filt_mean: 0.0028
          Rrs_555_insitu: 0.0019
     Rrs_555_insitu_time: 28-May-2013 09:51:12
    Rrs_555_insitu_index: 4768
       Rrs_655_filt_mean: []
          Rrs_665_insitu: []
     Rrs_665_insitu_time: []
    Rrs_665_insitu_index: []
                 DOC_ins: 1.9217e+03
                 DOC_sat: 1.1548e+03
               ag412_ins: 0.4819
               ag412_sat: 0.1539

>> Matchup_l2prod(23)

ans = 

                scene_id: 'LC81870182013228LGN00'
              scene_time: 16-Aug-2013 09:25:29
             scene_ACpar: '_L2n2.nc'
       Rrs_443_filt_mean: 0.0021
          Rrs_443_insitu: 5.0777e-04
     Rrs_443_insitu_time: 16-Aug-2013 09:58:33
    Rrs_443_insitu_index: 5031
       Rrs_482_filt_mean: 0.0026
          Rrs_486_insitu: 0.0013
     Rrs_486_insitu_time: 16-Aug-2013 09:58:33
    Rrs_486_insitu_index: 5031
       Rrs_561_filt_mean: 0.0026
          Rrs_555_insitu: 0.0023
     Rrs_555_insitu_time: 16-Aug-2013 09:58:33
    Rrs_555_insitu_index: 5031
       Rrs_655_filt_mean: 9.2929e-04
          Rrs_665_insitu: 7.4822e-04
     Rrs_665_insitu_time: 16-Aug-2013 09:58:33
    Rrs_665_insitu_index: 5031
                 DOC_ins: 2.6311e+03
                 DOC_sat: 1.4636e+03
               ag412_ins: 0.7380
               ag412_sat: 0.1831

>> Matchup_l2prod(24)

ans = 

                scene_id: 'LC81890182014245LGN00'
              scene_time: 02-Sep-2014 09:35:57
             scene_ACpar: '_L2n2.nc'
       Rrs_443_filt_mean: 0.0041
          Rrs_443_insitu: 5.1104e-04
     Rrs_443_insitu_time: 02-Sep-2014 09:33:06
    Rrs_443_insitu_index: 16057
       Rrs_482_filt_mean: 0.0034
          Rrs_486_insitu: 0.0012
     Rrs_486_insitu_time: 02-Sep-2014 09:33:06
    Rrs_486_insitu_index: 16057
       Rrs_561_filt_mean: 0.0026
          Rrs_555_insitu: 0.0020
     Rrs_555_insitu_time: 02-Sep-2014 09:33:06
    Rrs_555_insitu_index: 16057
       Rrs_655_filt_mean: []
          Rrs_665_insitu: []
     Rrs_665_insitu_time: []
    Rrs_665_insitu_index: []
                 DOC_ins: 2.4182e+03
                 DOC_sat: 1.1987e+03
               ag412_ins: 0.6328
               ag412_sat: 0.0915

>> Matchup_l2prod(31)

ans = 

                scene_id: 'LC81950192015146LGN00'
              scene_time: 26-May-2015 10:12:23
             scene_ACpar: '_L2n2.nc'
       Rrs_443_filt_mean: 0.0022
          Rrs_443_insitu: 0.0012
     Rrs_443_insitu_time: 26-May-2015 09:38:29
    Rrs_443_insitu_index: 17153
       Rrs_482_filt_mean: 0.0027
          Rrs_486_insitu: 0.0023
     Rrs_486_insitu_time: 26-May-2015 09:38:29
    Rrs_486_insitu_index: 17153
       Rrs_561_filt_mean: 0.0040
          Rrs_555_insitu: 0.0040
     Rrs_555_insitu_time: 26-May-2015 09:38:29
    Rrs_555_insitu_index: 17153
       Rrs_655_filt_mean: 0.0020
          Rrs_665_insitu: 0.0018
     Rrs_665_insitu_time: 26-May-2015 09:38:29
    Rrs_665_insitu_index: 17153
                 DOC_ins: 1.9223e+03
                 DOC_sat: 1.3770e+03
               ag412_ins: 0.4911
               ag412_sat: 0.2561

>> Matchup_l2prod(32)

ans = 

                scene_id: 'LC81960192015233LGN00'
              scene_time: 21-Aug-2015 10:19:15
             scene_ACpar: '_L2n2.nc'
       Rrs_443_filt_mean: 0.0021
          Rrs_443_insitu: 6.5858e-04
     Rrs_443_insitu_time: 21-Aug-2015 10:24:13
    Rrs_443_insitu_index: 17472
       Rrs_482_filt_mean: 0.0021
          Rrs_486_insitu: 0.0017
     Rrs_486_insitu_time: 21-Aug-2015 10:24:13
    Rrs_486_insitu_index: 17472
       Rrs_561_filt_mean: 0.0033
          Rrs_555_insitu: 0.0033
     Rrs_555_insitu_time: 21-Aug-2015 10:24:13
    Rrs_555_insitu_index: 17472
       Rrs_655_filt_mean: 0.0017
          Rrs_665_insitu: 0.0015
     Rrs_665_insitu_time: 21-Aug-2015 10:24:13
    Rrs_665_insitu_index: 17472
                 DOC_ins: 2.7145e+03
                 DOC_sat: 1.5738e+03
               ag412_ins: 0.7787
               ag412_sat: 0.2282



--------------------------------------------------
2016-07-28 Thu
Gageocho_Station (33N,124E)	Ieodo_Station (32N,125E)	Socheongcho (37N,124E)

jconchas@gs616-tidal-128154165007:L8_Rrs_Matchups_AERONET$ grep aoc_gageocho aeronet_oc_env_data.txt |wc -l
      39
jconchas@gs616-tidal-128154165007:L8_Rrs_Matchups_AERONET$ grep ieodo aeronet_oc_env_data.txt |wc -l
      39
jconchas@gs616-tidal-128154165007:L8_Rrs_Matchups_AERONET$ grep socheongcho aeronet_oc_env_data.txt |wc -l
       0
--------------------------------------------------
2016-07-29 Fri
to update a folder from the trunk
jconchas@anly104:~/ocssw/run/bin$ pwd
/home/jconchas/ocssw/run/bin
jconchas@anly104:~/ocssw/run/bin$ svn co svn://svn101/OCSSW/trunk/run/bin/linux_64

--------------------------------------------------
2016-07-30 Sat
image not available for AERONET for GOCI:
./20131201/COMS_GOCI_L1B_GA_20131201021641.he5


to use val_extract to calculate stats:
$ lonlat2pixline -x 1000 -y 1000 COMS_GOCI_L1B_GA_20111017001642.he5 125.182447 32.122953

$ l2gen ifile=COMS_GOCI_L1B_GA_20111017001642.he5 ofile=COMS_GOCI_L1B_GA_20111017001642.he5_
L2n2.nc sline=2539 eline=4539 spixl=878 epixl=2878 aer_opt=-2

$ val_extract ifile=COMS_GOCI_L1B_GA_20111017001642.he5_L2n2.nc ofile=COMS_GOCI_L1B_GA_20111
017001642.he5_L2n2_val.o

to kill and create a tmux again:
jconchas@anly104:~$ tmux kill-session -t 0
jconchas@anly104:~$ tmux new-session -s 0 -n var0 -d
jconchas@anly104:~$ tmux a -t 0

For AC and BRDF analysis:
Center of ROI coordinates
X: 4167.5
Y: 4642.5

LAT: 27.0
LON: 137.0

jconchas@anly104:~/data2/GOCI/20111017$ lonlat2pixline -x 999 -y 499 -v COMS_GOCI_L1B_GA_20111017001642.he5 137 27

lonlat2pixl output:
#Lon=136.998611
#Lat=27.001310
sline=4144
eline=5142
spixl=3169
epixl=5167

--------------------------------------------------
2016-08-09 Tue
for GOCI default atmospheric correction:
jconchas@gs616-tidal:COMS_GOCI_L1B_GA_20160107021643$ ncdump -h COMS_GOCI_L1B_GA_20160107021643_L2.nc|grep aer_wave
    		:aer_wave_short = "745" ;
    		:aer_wave_long = "865" ;
jconchas@gs616-tidal:COMS_GOCI_L1B_GA_20160107021643$ ncdump -h COMS_GOCI_L1B_GA_20160107021643_L2.nc|grep aer_opt
    		:aer_opt = "-2" ;
(END)
