-----------------------------------------------------------
2016-01-07
To log in into the internal network:

First log in into torii:
ssh -Y obpg-torii.sci.gsfc.nasa.gov
u/n: jconchas
p/w: ODi33i69*odi

Second, log in into anly104:
anly104 (alias) 
u/n: jconchas
p/w: ODi33i69*

Output:
Last login: Thu Jan  7 17:33:59 on ttys003
gs616-tidal:~ jconchas$ source ~/.bash_profile
jconchas@gs616-tidal:~$ ssh -Y obpg-torii.sci.gsfc.nasa.gov
The authenticity of host 'obpg-torii.sci.gsfc.nasa.gov (169.154.128.91)' can't be established.
ECDSA key fingerprint is SHA256:A6b8P6/n7tTdFTuIMB6PikiZ5GqhRPyHC+g1XdIreBQ.
Are you sure you want to continue connecting (yes/no)? y
Please type 'yes' or 'no': yes
Warning: Permanently added 'obpg-torii.sci.gsfc.nasa.gov,169.154.128.91' (ECDSA) to the list of known hosts.

---------------------------------------------------------------

  This U.S. Government computer is for authorized users only.

  By accessing this system, you are consenting to complete
  monitoring with no expectation of privacy. Unauthorized 
  access or use may subject you to disciplinary action and
  criminal prosecution.

---------------------------------------------------------------


jconchas@obpg-torii.sci.gsfc.nasa.gov's password: 
/opt/X11/bin/xauth:  file /Users/jconchas/.Xauthority does not exist
                                                                    Last login: Fri Jan  8 15:07:34 2016 from gs616-fallout.domain.sys
/usr/local/bin/xauth:  file /home/jconchas/.Xauthority does not exist
[jconchas@obpg-torii ~]$ passwd   
Changing local password for jconchas
Old Password:

You can now choose the new password.
A valid password should be a mix of upper and lower case letters,
digits and other characters.  You can use a 12 character long
password with characters from at least 3 of these 4 classes, or
a 10 character long password containing characters from all the
classes.  Characters that form a common pattern are discarded by
the check.
Alternatively, if noone else can see your terminal now, you can
pick this as your password: "junk_impose-rarely".
Enter new password: 
Weak password: too short.
Try again.

You can now choose the new password.
A valid password should be a mix of upper and lower case letters,
digits and other characters.  You can use a 12 character long
password with characters from at least 3 of these 4 classes, or
a 10 character long password containing characters from all the
classes.  Characters that form a common pattern are discarded by
the check.
Alternatively, if noone else can see your terminal now, you can
pick this as your password: "junk&morbid.Koran".
Enter new password: 
Re-type new password: 
[jconchas@obpg-torii ~]$ pwd
/home/jconchas
[jconchas@obpg-torii ~]$ anly104 
---------------------------------------------------------------
 
 WARNING! This is a U.S. Government Computer
 
 This U.S. Government computer is for authorized users only.
 
 By accessing this system, you are consenting to complete
 monitoring with no expectation of privacy. Unauthorized
 access or use may subject you to disciplinary action and
 criminal prosecution.
 
 ---------------------------------------------------------------
jconchas@anly104.domain.sdps's password: 
Last login: Fri Jan  8 15:07:42 2016 from 192.168.2.6
jconchas@anly104:~$ passwd
Changing password for jconchas.
(current) UNIX password: 
Enter new UNIX password: 
Retype new UNIX password: 
passwd: password updated successfully
jconchas@anly104:~$ pwd
/home/jconchas
jconchas@anly104:~$ ls -la
total 24
drwxr-xr-x  2 jconchas jconchas 4096 Jan  8 15:00 .
drwxr-xr-x 17 root     root     4096 Jan  8 15:08 ..
-rw-------  1 jconchas jconchas   92 Jan  8 15:00 .bash_history
-rw-r--r--  1 jconchas jconchas  220 Jan  8 14:51 .bash_logout
-rw-r--r--  1 jconchas jconchas 3486 Jan  8 14:51 .bashrc
-rw-r--r--  1 jconchas jconchas  675 Jan  8 14:51 .profile
lrwxrwxrwx  1 jconchas jconchas   15 Jan  8 15:00 data2 -> /data2/jconchas
lrwxrwxrwx  1 jconchas jconchas   15 Jan  8 14:59 data5 -> /data5/jconchas
jconchas@anly104:~$ df -h
Filesystem      Size  Used Avail Use% Mounted on
/dev/sda1       184G   12G  163G   7% /
udev             12G  4.0K   12G   1% /dev
tmpfs           2.4G  296K  2.4G   1% /run
none            5.0M     0  5.0M   0% /run/lock
none             12G     0   12G   0% /run/shm
/dev/sdb1       2.8T  513G  2.3T  19% /data1
/dev/sdc1       2.8T  150G  2.6T   6% /data2
/dev/sdd1       2.8T  891G  1.9T  32% /data3
/dev/sde1       2.8T  331G  2.5T  12% /data4
/dev/sdf1       2.8T  104G  2.7T   4% /data5
/dev/sda3       459G  217G  219G  50% /home
jconchas@anly104:~$ cat .       
./             ../            .bash_history  .bash_logout   .bashrc        .profile       
jconchas@anly104:~$ cat .profile 
# ~/.profile: executed by the command interpreter for login shells.
# This file is not read by bash(1), if ~/.bash_profile or ~/.bash_login
# exists.
# see /usr/share/doc/bash/examples/startup-files for examples.
# the files are located in the bash-doc package.

# the default umask is set in /etc/profile; for setting the umask
# for ssh logins, install and configure the libpam-umask package.
#umask 022

# if running bash
if [ -n "$BASH_VERSION" ]; then
    # include .bashrc if it exists
    if [ -f "$HOME/.bashrc" ]; then
	. "$HOME/.bashrc"
    fi
fi

# set PATH so it includes user's private bin if it exists
if [ -d "$HOME/bin" ] ; then
    PATH="$HOME/bin:$PATH"
fi
jconchas@anly104:~$ ls
data2  data5
jconchas@anly104:~$ pwd
/home/jconchas
jconchas@anly104:~$ 

From Wayne:
I forgot we have a more potent version of getfile: gethiddenfile,  and it works on getting GOCI files

Here is the setup for it

wget http://oceandata.sci.gsfc.nasa.gov/cgi/getfile/<file>

or I do

alias get_sea wget http://oceandata.sci.gsfc.nasa.gov/cgi/gethiddenfile/!*

(above on 1 line)

Wayne

I downloaded an image from:
http://kosc.kiost.ac/kosc_web/GOCI_download/SatelliteData.html
COMS_GOCI_L1B_GA_20160107021643.he5

--------------------------------------------------
2016-01-11 Mon
For downloading from a ftp using curl:
jconchas@gs616-tidal:~/Documents/Research/LANDSAT8/Images/LC80720212014209LGN00$ curl -L -O ftp://samoa.gsfc.nasa.gov/pub/franz/LC80720212014209LGN00/LC80720212014209LGN00_{B[1-11].TIF,GEO.nc,MTL.png,MTL.txt,BQA.TIF} > /dev/null

to se values in the nc header:
ncdump -h LC80720212014209LGN00_L2.nc

I run the image that Bryan sent me both command line and GUI. I used aer_opt=-1 as suggested by Bryan.
From ftp://samoa.gsfc.nasa.gov/pub/franz/LC80720212014209LGN00/
LC80720212014209LGN00_L2aer_opt1.nc: created in command line
L2014209213352.L2_LAC_OCseadas: created in GUI

--------------------------------------------------
2016-01-12 Tue
I run the image that Bryan sent me both command line and GUI. I used aer_opt=-1 as suggested by Bryan:

jconchas@gs616-tidal:~/Documents/Research/LANDSAT8/Images/LC80720212014209LGN00$ l2gen ifile=LC80720212014209LGN00_MTL.txt ofile1=LC80720212014209LGN00_L2aer_optn1_command2.nc aer_opt=-1 geofile=LC80720212014209LGN00_GEO.nc

When trying to run l2gen through command line with the geofile given by Bryan (NOT NECESSARY. l2gen handles it with metadata):
Exit get_oli_angles with error
-E- /Users/seadas/ocssw/build/src/l2gen/l1_oli.c line 481: non-existent or incompatible geofile.
-E- File specified must be an Enhanced Meta-Data file (EMD format)

l2gen installed in anly104:
svn co svn://svn101/OCSSW/trunk ocssw

- Bryan's file are not correct: Here is the reason:
----------------------
Javier,

The OLI images are rgb, chl, and 3-color composite water-leaving reflectance.

The processing was using

                 :aer_opt = "-1" ;
                 :aer_wave_short = "865" ;
                 :aer_wave_long = "2201" ;

but the code has changed since these were generated, from reading L1B radiances 
to reading L1B reflectances.  Nima seems to believe this was done wrong [missing 
factor of cos(solarzenith)], so if you are not able to reproduce the images, I 
would like to know that.


I've put one of the L1B files here:

ftp://samoa.gsfc.nasa.gov/pub/franz/LC80720212014209LGN00/

with corresponding L2

ftp://samoa.gsfc.nasa.gov/pub/franz/LC80720212014209LGN00_L2.nc

You can see all parameters via:

ncdump -h LC80720212014209LGN00_L2.nc

-- bryan
-----------------
--------------------------------------------------
2016-01-14 Thu

Download GOCI image in anly104:
jconchas@anly104:~/data2/GOCI$ wget http://oceandata.sci.gsfc.nasa.gov/cgi/gethiddenfile/COMS_GOCI_L1B_GA_20151230001643.he5
--2016-01-14 11:02:53--  http://oceandata.sci.gsfc.nasa.gov/cgi/gethiddenfile/COMS_GOCI_L1B_GA_20151230001643.he5
Resolving oceandata.sci.gsfc.nasa.gov (oceandata.sci.gsfc.nasa.gov)... 192.168.2.33, fddd:0:0:2::33
Connecting to oceandata.sci.gsfc.nasa.gov (oceandata.sci.gsfc.nasa.gov)|192.168.2.33|:80... connected.
HTTP request sent, awaiting response... 200 OK
Length: 776486057 (741M) [application/octet-stream]
Saving to: `COMS_GOCI_L1B_GA_20151230001643.he5'

100%[============================================================================================>] 776,486,057 90.2M/s   in 9.1s    

2016-01-14 11:03:02 (81.3 MB/s) - `COMS_GOCI_L1B_GA_20151230001643.he5' saved [776486057/776486057]

to download all images from OBPG server:
jconchas@gs616-tidal:~/Documents/Research/GOCI/Images$ curl -O http://oceandata.sci.gsfc.nasa.gov/cgi/gethiddenfile/COMS_GOCI_L1B_GA_201512240[0-7]1640.he5

to see header of he5, like GOCI data
jconchas@gs616-tidal:~/Documents/Research/GOCI/Images/COMS_GOCI_L1B_GA_20160107021643.he5$ h5dump -H COMS_GOCI_L1B_GA_20160107021643.he5

to download from anly104 to torii:
from anly104:
jconchas@anly104:/data2/jconchas/GOCI$ scp COMS_GOCI_L1B_GA_201512240*.he5 jconchas@obpg-torii.sci.gsfc.nasa.gov:./data/

to downlaod from torii to my mac:
from the folder where I want to download to:
jconchas@gs616-tidal:~/Documents/Research/GOCI/Images/COMS_GOCI_L1B_GA_201512240x1640$ scp jconchas@obpg-torii.sci.gsfc.nasa.gov:./data/* .

to copy from a list to a folder/directory:
jconchas@anly104:~/data2/LANDSAT8$ find . -name "*_L2.nc" -exec cp '{}' artic_L2/ \;

to cp a directory:
jconchas@anly104:~/data2/LANDSAT8$ scp -rp artic_L2/ jconchas@obpg-torii.sci.gsfc.nasa.gov:./data/  

--------------------------------------------------
2016-01-15 Fri
to check the file extension:
jconchas@gs616-tidal:~/Documents/Research/GOCI/Images/COMS_GOCI_L1B_GA_201512240x1640$ file COMS_GOCI_L1B_GA_20151224001640.he5 
COMS_GOCI_L1B_GA_20151224001640.he5: gzip compressed data, was "COMS_GOCI_L1B_GA_20151224001640", from Unix, last modified: Thu Dec 24 12:41:21 2015

change name to compressed extention:
jconchas@gs616-tidal:~/Documents/Research/GOCI/Images/COMS_GOCI_L1B_GA_201512240x1640$ mv COMS_GOCI_L1B_GA_20151224001640.he5 COMS_GOCI_L1B_GA_20151224001640.he5.gz 

decompress:
jconchas@gs616-tidal:~/Documents/Research/GOCI/Images/COMS_GOCI_L1B_GA_201512240x1640$ gunzip COMS_GOCI_L1B_GA_20151224001640.he5.gz 

to change all of them at the same time:
$ find ./ -name "*he5" -exec mv '{}' '{}'.gz \;

to unzip all of them at the same time:
$ find ./ -name "*he5.gz" -exec gunzip '{}' \;

Done:
- Processed GOCI images: COMS_GOCI_L1B_GA_20151224001640_L2.nc in my machine
- Processing GOCI images in anly104: 
jconchas@anly104:~/data2/GOCI$ ls
COMS_GOCI_L1B_GA_201512240x1640/  COMS_GOCI_L1B_GA_201512300x1643/
- Processed L8 from Bryan in anly104 and transfered to my machine. Saved in artic_L2/
- Created git rep in:
jconchas@gs616-tidal:~/Documents$ git branch
* master

jconchas@anly104:~/data2$ git branch
* master

--------------------------------------------------
2016-01-15 Wed

to create directory with basename
$ find . -name "*tar" -print0|xargs -0 -I {} basename {} .tar|xargs mkdir

from:
http://www.cyberciti.biz/faq/linux-unix-bsd-xargs-construct-argument-lists-utility/

to move to same directory name:
$ find . -type d -name "L*" -exec mv '{}'.tar '{}' \;

to tar file inside a folder:
$ find . -name "*tar" -print0|xargs -0 -I {} basename {} .tar|xargs -I file tar -xvf ./file/file.tar -C ./file

to move a file to a directory using basename:
$ find . -name "*jpg" | xargs -I {} basename {} .jpg| xargs -I file mv ./file.jpg ./file/

--------------------------------------------------
2016-01-23 Sat
to create a tmux window inside a session:
- create session:
$ tmux
- First enter the session:
$ tmux a -t 0
- Create window:
^b c
- to switch between windows
^b n
^b p
- to exit/detach session:
^b d

to see L2.nc properties:
jconchas@gs616-tidal:Images$ file LC80720212014209LGN00/LC80720212014209LGN00_L2.nc 
LC80720212014209LGN00/LC80720212014209LGN00_L2.nc: Hierarchical Data Format (version 5) data

jconchas@gs616-tidal:Images$ file LC80720212014209LGN00/LC80720212014209LGN00_B2.TIF 
LC80720212014209LGN00/LC80720212014209LGN00_B2.TIF: TIFF image data, little-endian

jconchas@gs616-tidal:COMS_GOCI_L1B_GA_201512240x1640$ file COMS_GOCI_L1B_GA_20151224001640.he5 
COMS_GOCI_L1B_GA_20151224001640.he5: Hierarchical Data Format (version 5) data

jconchas@gs616-tidal:COMS_GOCI_L1B_GA_201512240x1640$ h5dump -H COMS_GOCI_L1B_GA_20151224001640.he5 
HDF5 "COMS_GOCI_L1B_GA_20151224001640.he5" {
GROUP "/" {

jconchas@gs616-tidal:COMS_GOCI_L1B_GA_201512240x1640$ ncdump -h COMS_GOCI_L1B_GA_20151224001640_L2.ncnetcdf COMS_GOCI_L1B_GA_20151224001640_L2 {
dimensions:
--------------------------------------------------
2016-01-25 Mon:
To do for the week:
- Check angles in the Arctic
- Handle GOCI images in Matlab
- DONE: Find parameters used in l2gen for Mannino's ag_412_mlrc algorithm.
- DONE: Include convert to 555 function in Matlab.

From l2gen online guide:
http://oceancolor.gsfc.nasa.gov/WIKI/OCSSW(2f)l2gen(2f)Inputs.html

sunzen
Solar zenith angle threshold (degrees) used for setting the l2_flags bit #13. (McClain et al., 1995). (Default=75.0)
satzen
Spacecraft zenith angle threshold (degrees) for setting the l2_flags bit #6. (McClain et al., 1995). (Default=60.0).

to look pattern in the source src:
jconchas@anly104:~$ grep --exclude=\*.{svn-name,nc,GEO,TIF,h5,he5} -r "ag_412*" ocssw/
ocssw/build/src/l2gen/prodgen.c:      case CAT_ag_412_mlrc:
ocssw/build/src/l2gen/l2prod.h:#define CAT_ag_412_mlrc             277
ocssw/build/src/l2gen/cdom_mannino.c:   case CAT_ag_412_mlrc:
ocssw/.svn/pristine/2a/2a3da0fb4c154a207e534dc5af97c2bd4d441b2e.svn-base:    <product name="ag_412_mlrc">
ocssw/.svn/pristine/25/252c4933e3e078bdde0ffffe8128637affa9d618.svn-base:       case CAT_ag_412_mlrc:
ocssw/.svn/pristine/03/03b4942599bf75d1c205153f9bada38dd664ae0b.svn-base:      case CAT_ag_412_mlrc:
ocssw/.svn/pristine/9a/9a247290a80d58c8f6a7791cb9ca531cd5930b38.svn-base:#define CAT_ag_412_mlrc             277
ocssw/run/data/common/product.xml:    <product name="ag_412_mlrc
--------------------------------------------------
2016-01-28 Thu:
MLR: multiple linear regression
MAPD: mean absolute percent difference
--------------------------------------------------
2016-02-02 Mon
- DONE: SeaBASS access with Matlab script from Chris
- DONE: SeaBASS search for Arctic data not successful

To do: 
- DONE: Look for more data for the Arctic. Email Maria and Sophie
- DONE: See why ag from E. Boss is weird looking
- SeaBASS search in the GOCI footprint
- Create Tool to retrieve path row from kml file for Landsat
--------------------------------------------------
2016-02-04
CDOM data over the Arctic:
- Sophie Renaut
http://icefloe.net/docs/hly1401_cruise_report.pdf
--------------------------------------------------
2016-02-16

Matchups:

--------------------------------------------
In situ taken: 29-May-2013 05:40:31
Image taken:   29-May-2013
path:210 , row:17, d:61
ID: LC82100172013149LGN00
--------------------------------------------
In situ taken: 30-May-2013 03:10:41
Image taken:   29-May-2013
path:210 , row:16, d:101
ID: LC82100162013149LGN00
--------------------------------------------
In situ taken: 13-Jun-2013 17:42:36
Image taken:   15-Jun-2013
path:201 , row:11, d:415
ID: LC82010112013166LGN00
--------------------------------------------
In situ taken: 13-Jun-2013 17:42:36
Image taken:   10-Jun-2013
path:198 , row:11, d:415
ID: LC81980112013161LGN00
--------------------------------------------
In situ taken: 29-Jun-2013 15:49:36
Image taken:   27-Jun-2013
path:189 , row:11, d:420
ID: LC81890112013178LGN00
--------------------------------------------
In situ taken: 29-Jun-2013 15:49:36
Image taken:   29-Jun-2013
path:187 , row:11, d:420
ID: LC81870112013180LGN00
--------------------------------------------
In situ taken: 05-Jul-2013 08:29:28
Image taken:   07-Jul-2013
path:179 , row:6, d:473
ID: LC81790062013188LGN00
--------------------------------------------
In situ taken: 05-Jul-2013 09:19:28
Image taken:   07-Jul-2013
path:179 , row:5, d:474
ID: LC81790052013188LGN00
--------------------------------------------
In situ taken: 05-Jul-2013 18:29:37
Image taken:   07-Jul-2013
path:179 , row:4, d:485
ID: LC81790042013188LGN00
--------------------------------------------
In situ taken: 08-Jul-2013 00:36:50
Image taken:   07-Jul-2013
path:179 , row:3, d:502
ID: LC81790032013188LGN00
--------------------------------------------
In situ taken: 08-Jul-2013 06:26:50
Image taken:   10-Jul-2013
path:168 , row:5, d:509
ID: LC81680052013191LGN00
--------------------------------------------
In situ taken: 09-Jul-2013 10:31:58
Image taken:   10-Jul-2013
path:184 , row:2, d:542
ID: LC81840022013191LGN00
--------------------------------------------
In situ taken: 17-Jul-2013 19:17:35
Image taken:   19-Jul-2013
path:167 , row:8, d:635
ID: LC81670082013200LGN00
--------------------------------------------
In situ taken: 17-Jul-2013 19:17:35
Image taken:   14-Jul-2013
path:164 , row:8, d:635
ID: LC81640082013195LGN00
--------------------------------------------
In situ taken: 17-Jul-2013 22:37:35
Image taken:   14-Jul-2013
path:164 , row:7, d:637
ID: LC81640072013195LGN00
--------------------------------------------
In situ taken: 19-Jul-2013 02:07:34
Image taken:   21-Jul-2013
path:165 , row:9, d:649
ID: LC81650092013202LGN00
--------------------------------------------
In situ taken: 19-Jul-2013 02:07:34
Image taken:   16-Jul-2013
path:162 , row:9, d:649
ID: LC81620092013197LGN00
--------------------------------------------
In situ taken: 19-Jul-2013 02:07:34
Image taken:   16-Jul-2013
path:162 , row:8, d:649
ID: LC81620082013197LGN00
--------------------------------------------
In situ taken: 27-Aug-2013 12:30:20
Image taken:   24-Aug-2013
path:147 , row:5, d:718
ID: LC81470052013236LGN00
--------------------------------------------
In situ taken: 30-Aug-2013 03:50:13
Image taken:   02-Sep-2013
path:130 , row:6, d:787
ID: LC81300062013245LGN00
--------------------------------------------
In situ taken: 30-Aug-2013 12:10:12
Image taken:   02-Sep-2013
path:130 , row:7, d:796
ID: LC81300072013245LGN00
--------------------------------------------
In situ taken: 30-Aug-2013 12:10:12
Image taken:   28-Aug-2013
path:127 , row:7, d:796
ID: LC81270072013240LGN00
--------------------------------------------
In situ taken: 03-Sep-2013 11:48:10
Image taken:   03-Sep-2013
path:105 , row:10, d:798
ID: LC81050102013246LGN00
--------------------------------------------
In situ taken: 03-Sep-2013 11:48:10
Image taken:   03-Sep-2013
path:105 , row:9, d:798
ID: LC81050092013246LGN00
--------------------------------------------
In situ taken: 03-Sep-2013 15:08:11
Image taken:   03-Sep-2013
path:105 , row:11, d:802
ID: LC81050112013246LGN00
--------------------------------------------
In situ taken: 03-Sep-2013 15:08:11
Image taken:   05-Sep-2013
path:103 , row:11, d:802
ID: LC81030112013248LGN00
--------------------------------------------
In situ taken: 08-Sep-2013 00:04:43
Image taken:   09-Sep-2013
path:99 , row:11, d:813
ID: LC80990112013252LGN00
--------------------------------------------
In situ taken: 08-Sep-2013 00:04:43
Image taken:   11-Sep-2013
path:97 , row:11, d:813
ID: LC80970112013254LGN00
--------------------------------------------
In situ taken: 14-Sep-2013 04:48:49
Image taken:   17-Sep-2013
path:82 , row:10, d:890
ID: LC80820102013260LGN00
--------------------------------------------
In situ taken: 14-Sep-2013 04:48:49
Image taken:   12-Sep-2013
path:79 , row:10, d:890
ID: LC80790102013255LGN00
--------------------------------------------
In situ taken: 14-Sep-2013 22:35:12
Image taken:   14-Sep-2013
path:77 , row:10, d:897
ID: LC80770102013257LGN00
--------------------------------------------
In situ taken: 15-Sep-2013 07:28:50
Image taken:   16-Sep-2013
path:75 , row:10, d:906
ID: LC80750102013259LGN00
--------------------------------------------
In situ taken: 15-Sep-2013 19:58:46
Image taken:   18-Sep-2013
path:73 , row:10, d:920
ID: LC80730102013261LGN00
--------------------------------------------
In situ taken: 17-Sep-2013 07:48:52
Image taken:   15-Sep-2013
path:68 , row:11, d:958
ID: LC80680112013258LGN00
--------------------------------------------
In situ taken: 17-Sep-2013 07:48:52
Image taken:   17-Sep-2013
path:66 , row:11, d:958
ID: LC80660112013260LGN00
--------------------------------------------
In situ taken: 21-Sep-2013 19:59:44
Image taken:   23-Sep-2013
path:60 , row:10, d:993
ID: LC80600102013266LGN00
--------------------------------------------
In situ taken: 21-Sep-2013 21:39:46
Image taken:   21-Sep-2013
path:62 , row:11, d:995
ID: LC80620112013264LGN00
--------------------------------------------
In situ taken: 22-Sep-2013 04:19:46
Image taken:   25-Sep-2013
path:58 , row:10, d:1002
ID: LC80580102013268LGN00
--------------------------------------------
In situ taken: 23-Sep-2013 03:39:47
Image taken:   22-Sep-2013
path:53 , row:11, d:1014
ID: LC80530112013265LGN00
--------------------------------------------
In situ taken: 23-Sep-2013 13:39:46
Image taken:   22-Sep-2013
path:53 , row:10, d:1022
ID: LC80530102013265LGN00
--------------------------------------------
In situ taken: 24-Sep-2013 00:47:23
Image taken:   24-Sep-2013
path:51 , row:12, d:1034
ID: LC80510122013267LGN00
--------------------------------------------
In situ taken: 24-Sep-2013 15:47:28
Image taken:   21-Sep-2013
path:46 , row:12, d:1048
ID: LC80460122013264LGN00
--------------------------------------------
In situ taken: 24-Sep-2013 21:37:27
Image taken:   21-Sep-2013
path:46 , row:11, d:1055
ID: LC80460112013264LGN00
--------------------------------------------
In situ taken: 25-Sep-2013 03:27:28
Image taken:   23-Sep-2013
path:44 , row:12, d:1061
ID: LC80440122013266LGN00
--------------------------------------------
In situ taken: 26-Sep-2013 00:17:29
Image taken:   27-Sep-2013
path:40 , row:12, d:1066
ID: LC80400122013270LGN00
--------------------------------------------
In situ taken: 26-Sep-2013 01:07:28
Image taken:   23-Sep-2013
path:44 , row:11, d:1067
ID: LC80440112013266LGN00
--------------------------------------------
In situ taken: 26-Sep-2013 01:07:28
Image taken:   25-Sep-2013
path:42 , row:11, d:1067
ID: LC80420112013268LGN00
--------------------------------------------
In situ taken: 26-Sep-2013 02:47:27
Image taken:   23-Sep-2013
path:44 , row:10, d:1069
ID: LC80440102013266LGN00
--------------------------------------------
In situ taken: 26-Sep-2013 02:47:27
Image taken:   25-Sep-2013
path:42 , row:10, d:1069
ID: LC80420102013268LGN00
--------------------------------------------
In situ taken: 26-Sep-2013 04:27:28
Image taken:   27-Sep-2013
path:40 , row:11, d:1071
ID: LC80400112013270LGN00
--------------------------------------------
In situ taken: 26-Sep-2013 15:17:28
Image taken:   27-Sep-2013
path:40 , row:10, d:1084
ID: LC80400102013270LGN00
--------------------------------------------
In situ taken: 27-Sep-2013 00:27:26
Image taken:   30-Sep-2013
path:45 , row:9, d:1086
ID: LC80450092013273LGN00
--------------------------------------------
In situ taken: 27-Sep-2013 00:27:26
Image taken:   25-Sep-2013
path:42 , row:9, d:1086
ID: LC80420092013268LGN00
--------------------------------------------
In situ taken: 27-Sep-2013 02:57:29
Image taken:   27-Sep-2013
path:40 , row:9, d:1089
ID: LC80400092013270LGN00
--------------------------------------------
In situ taken: 27-Sep-2013 10:27:30
Image taken:   29-Sep-2013
path:38 , row:10, d:1096
ID: LC80380102013272LGN00
--------------------------------------------
In situ taken: 28-Sep-2013 01:27:30
Image taken:   29-Sep-2013
path:38 , row:9, d:1099
ID: LC80380092013272LGN00
--------------------------------------------
In situ taken: 28-Sep-2013 01:27:30
Image taken:   25-Sep-2013
path:42 , row:8, d:1099
ID: LC80420082013268LGN00
--------------------------------------------
In situ taken: 28-Sep-2013 01:27:30
Image taken:   27-Sep-2013
path:40 , row:8, d:1099
ID: LC80400082013270LGN00
--------------------------------------------
In situ taken: 28-Sep-2013 04:47:30
Image taken:   29-Sep-2013
path:38 , row:8, d:1103
ID: LC80380082013272LGN00
--------------------------------------------
In situ taken: 28-Sep-2013 08:57:30
Image taken:   01-Oct-2013
path:36 , row:9, d:1108
ID: LC80360092013274LGN00
--------------------------------------------
In situ taken: 28-Sep-2013 17:30:20
Image taken:   25-Sep-2013
path:42 , row:7, d:1111
ID: LC80420072013268LGN00
--------------------------------------------
In situ taken: 28-Sep-2013 17:30:20
Image taken:   27-Sep-2013
path:40 , row:7, d:1111
ID: LC80400072013270LGN00
--------------------------------------------
In situ taken: 28-Sep-2013 17:30:20
Image taken:   29-Sep-2013
path:38 , row:7, d:1111
ID: LC80380072013272LGN00
--------------------------------------------
In situ taken: 28-Sep-2013 20:00:33
Image taken:   01-Oct-2013
path:36 , row:8, d:1114
ID: LC80360082013274LGN00
--------------------------------------------
In situ taken: 29-Sep-2013 00:10:32
Image taken:   30-Sep-2013
path:45 , row:6, d:1118
ID: LC80450062013273LGN00
--------------------------------------------
In situ taken: 29-Sep-2013 00:10:32
Image taken:   02-Oct-2013
path:43 , row:6, d:1118
ID: LC80430062013275LGN00
--------------------------------------------
In situ taken: 29-Sep-2013 00:10:32
Image taken:   27-Sep-2013
path:40 , row:6, d:1118
ID: LC80400062013270LGN00
--------------------------------------------
In situ taken: 29-Sep-2013 11:50:33
Image taken:   01-Oct-2013
path:36 , row:7, d:1132
ID: LC80360072013274LGN00
--------------------------------------------
In situ taken: 29-Sep-2013 11:50:33
Image taken:   29-Sep-2013
path:38 , row:6, d:1132
ID: LC80380062013272LGN00
--------------------------------------------
In situ taken: 04-Oct-2013 16:29:59
Image taken:   03-Oct-2013
path:34 , row:7, d:1180
ID: LC80340072013276LGN00
--------------------------------------------
In situ taken: 04-Oct-2013 17:19:47
Image taken:   05-Oct-2013
path:32 , row:8, d:1181
ID: LC80320082013278LGN00
--------------------------------------------
In situ taken: 05-Oct-2013 21:31:45
Image taken:   05-Oct-2013
path:32 , row:9, d:1193
ID: LC80320092013278LGN00
--------------------------------------------
In situ taken: 05-Oct-2013 21:31:45
Image taken:   07-Oct-2013
path:30 , row:9, d:1193
ID: LC80300092013280LGN00
--------------------------------------------
In situ taken: 06-Oct-2013 03:21:31
Image taken:   07-Oct-2013
path:30 , row:8, d:1194
ID: LC80300082013280LGN00
--------------------------------------------
In situ taken: 06-Oct-2013 15:01:31
Image taken:   09-Oct-2013
path:28 , row:9, d:1208
ID: LC80280092013282LGN00
--------------------------------------------
In situ taken: 10-Oct-2013 00:01:21
Image taken:   08-Oct-2013
path:21 , row:10, d:1249
ID: LC80210102013281LGN00
--------------------------------------------
In situ taken: 11-Oct-2013 21:51:22
Image taken:   11-Oct-2013
path:10 , row:11, d:1277
ID: LC80100112013284LGN00
--------------------------------------------
In situ taken: 21-Oct-2013 02:10:35
Image taken:   20-Oct-2013
path:9 , row:12, d:1346
ID: LC80090122013293LGN00
--------------------------------------------
In situ taken: 30-Oct-2013 07:07:33
Image taken:   31-Oct-2013
path:6 , row:22, d:1473
ID: LC80060222013304LGN00
--------------------------------------------
In situ taken: 31-Oct-2013 08:57:28
Image taken:   02-Nov-2013
path:4 , row:24, d:1503
ID: LC80040242013306LGN00
--------------------------------------------
In situ taken: 04-Nov-2013 15:36:37
Image taken:   02-Nov-2013
path:4 , row:25, d:1506
ID: LC80040252013306LGN00
--------------------------------------------
In situ taken: 05-Nov-2013 19:06:35
Image taken:   05-Nov-2013
path:9 , row:25, d:1537
ID: LC80090252013309LGN00
--------------------------------------------
In situ taken: 06-Nov-2013 01:46:37
Image taken:   05-Nov-2013
path:9 , row:24, d:1544
ID: LC80090242013309LGN00
--------------------------------------------
In situ taken: 06-Nov-2013 11:46:36
Image taken:   05-Nov-2013
path:9 , row:26, d:1556
ID: LC80090262013309LGN00
--------------------------------------------
In situ taken: 06-Nov-2013 14:16:35
Image taken:   03-Nov-2013
path:11 , row:25, d:1559
ID: LC80110252013307LGN00
--------------------------------------------
In situ taken: 06-Nov-2013 21:46:35
Image taken:   03-Nov-2013
path:11 , row:26, d:1568
ID: LC80110262013307LGN00
--------------------------------------------
In situ taken: 07-Nov-2013 02:11:03
Image taken:   10-Nov-2013
path:12 , row:25, d:1571
ID: LC80120252013314LGN00
--------------------------------------------
In situ taken: 07-Nov-2013 05:16:35
Image taken:   10-Nov-2013
path:12 , row:26, d:1573
ID: LC80120262013314LGN00

Not available:
L8 OLI/TIRS	LC81890112013178LGN00
--------------------------------------------------
2016-02-17 Wed
Error downloading it:
LC80360092013274LGN00

--------------------------------------------------
2016-02-23 Tue
To do:
- DONE: Created in situ dataset for GOCI
- Retrieve files based on in situ dates
- Open GOCI image in Matlab

- Search images for Arctic Color area of study
- Check values of CDOM from the Tara retrieved images with in situ

to search the files that meet a pattern in a list of pattern:
jconchas@anly104:~/data2/GOCI$ cat scene_dates.txt | xargs -I {} grep {} goci_l1.txt > scene_list.txt

to create a dir using a pattern in a list:
jconchas@anly104:~/data2/GOCI$ cat scene_dates.txt | xargs -I {} mkdir COMS_GOCI_L1B_GA_{}

to convert from dos to unix in vim:
:w ++ff=unix

GOCI files retrieved from the server:
jconchas@anly104:~/data2/GOCI$ du -h
0       ./COMS_GOCI_L1B_GA_20101130
0       ./COMS_GOCI_L1B_GA_20101201
0       ./COMS_GOCI_L1B_GA_20101202
6.0G    ./COMS_GOCI_L1B_GA_20110409
6.0G    ./COMS_GOCI_L1B_GA_20110410
6.0G    ./COMS_GOCI_L1B_GA_20110411
5.9G    ./COMS_GOCI_L1B_GA_20110412
5.9G    ./COMS_GOCI_L1B_GA_20110413
5.9G    ./COMS_GOCI_L1B_GA_20110414
6.0G    ./COMS_GOCI_L1B_GA_20110415
6.0G    ./COMS_GOCI_L1B_GA_20110416
6.0G    ./COMS_GOCI_L1B_GA_20110417
6.0G    ./COMS_GOCI_L1B_GA_20110810
6.0G    ./COMS_GOCI_L1B_GA_20110811
6.0G    ./COMS_GOCI_L1B_GA_20110812
71G     .

to open matlab from command line:
jconchas@gs616-tidal:ag$ /Applications/MATLAB_R2015b.app/bin/matlab
--------------------------------------------------
2016-02-25 Thu

how to use h5dump:
https://www.hdfgroup.org/HDF5/Tutor/cmdtoolview.html
 to display attibutes header:
jconchas@anly104:~/data2/GOCI$ h5dump -n 1 COMS_GOCI_L1B_GA_20110409/COMS_GOCI_L1B_GA_20110409001644.he5|less


 group      /HDFEOS/POINTS/Scene Header
 attribute  /HDFEOS/POINTS/Scene Header/Band Indices
 attribute  /HDFEOS/POINTS/Scene Header/Difference between on-board time and ground station time
 attribute  /HDFEOS/POINTS/Scene Header/Image Type
 attribute  /HDFEOS/POINTS/Scene Header/Mission
 attribute  /HDFEOS/POINTS/Scene Header/Nominal sub-satellite point latitude
 attribute  /HDFEOS/POINTS/Scene Header/Nominal sub-satellite point longitude
 attribute  /HDFEOS/POINTS/Scene Header/Number of Bands
 attribute  /HDFEOS/POINTS/Scene Header/Number of Slots
 attribute  /HDFEOS/POINTS/Scene Header/Product Level
 attribute  /HDFEOS/POINTS/Scene Header/Satellite ID
 attribute  /HDFEOS/POINTS/Scene Header/Satellite Name
 attribute  /HDFEOS/POINTS/Scene Header/Satellite azimuth angle at scene center
 attribute  /HDFEOS/POINTS/Scene Header/Satellite elevation angle at scene center
 attribute  /HDFEOS/POINTS/Scene Header/Scene Start time
 attribute  /HDFEOS/POINTS/Scene Header/Scene Title
 attribute  /HDFEOS/POINTS/Scene Header/Scene center latitude
 attribute  /HDFEOS/POINTS/Scene Header/Scene center longitude
 attribute  /HDFEOS/POINTS/Scene Header/Scene center time
 attribute  /HDFEOS/POINTS/Scene Header/Scene end time
 attribute  /HDFEOS/POINTS/Scene Header/Scene lower-left latitude
 attribute  /HDFEOS/POINTS/Scene Header/Scene lower-left longitude
 attribute  /HDFEOS/POINTS/Scene Header/Scene lower-right latitude
 attribute  /HDFEOS/POINTS/Scene Header/Scene lower-right longitude
 attribute  /HDFEOS/POINTS/Scene Header/Scene upper-left latitude
 attribute  /HDFEOS/POINTS/Scene Header/Scene upper-left longitude
 attribute  /HDFEOS/POINTS/Scene Header/Scene upper-right latitude
 attribute  /HDFEOS/POINTS/Scene Header/Scene upper-right longitude
 attribute  /HDFEOS/POINTS/Scene Header/Sensor Characteristics
 attribute  /HDFEOS/POINTS/Scene Header/Sensor Mode name
 attribute  /HDFEOS/POINTS/Scene Header/Sensor name
 attribute  /HDFEOS/POINTS/Scene Header/Slot Indices
 attribute  /HDFEOS/POINTS/Scene Header/Sub-satellite point altitude at scene center time
 attribute  /HDFEOS/POINTS/Scene Header/Sub-satellite point altitude at scene end time
 attribute  /HDFEOS/POINTS/Scene Header/Sub-satellite point altitude at scene start time
 attribute  /HDFEOS/POINTS/Scene Header/Sub-satellite point latitude at scene center time
 attribute  /HDFEOS/POINTS/Scene Header/Sub-satellite point latitude at scene end time
 attribute  /HDFEOS/POINTS/Scene Header/Sub-satellite point latitude at scene start time
 attribute  /HDFEOS/POINTS/Scene Header/Sub-satellite point longitude at scene center time
 attribute  /HDFEOS/POINTS/Scene Header/Sub-satellite point longitude at scene end time
 attribute  /HDFEOS/POINTS/Scene Header/Sub-satellite point longitude at scene start time
 attribute  /HDFEOS/POINTS/Scene Header/Sun azimuth angle at scene center
 attribute  /HDFEOS/POINTS/Scene Header/Sun elevation angle at scene center
 attribute  /HDFEOS/POINTS/Scene Header/_LevelWritten
 attribute  /HDFEOS/POINTS/Scene Header/line spacing
 attribute  /HDFEOS/POINTS/Scene Header/number of columns
 attribute  /HDFEOS/POINTS/Scene Header/number of rows
 attribute  /HDFEOS/POINTS/Scene Header/pixel spacing
 group      /HDFEOS/POINTS/Scene Header/Data
 dataset    /HDFEOS/POINTS/Scene Header/Data/Resampling kernel name
 group      /HDFEOS/POINTS/Scene Header/Linkage

 group      /HDFEOS/POINTS/File Descripter Metadata
 attribute  /HDFEOS/POINTS/File Descripter Metadata/File format document title
 attribute  /HDFEOS/POINTS/File Descripter Metadata/Geometric correction software ID
 attribute  /HDFEOS/POINTS/File Descripter Metadata/IDACS system version
 attribute  /HDFEOS/POINTS/File Descripter Metadata/IMPS software version
 attribute  /HDFEOS/POINTS/File Descripter Metadata/Input File Name
 attribute  /HDFEOS/POINTS/File Descripter Metadata/Issue&revision
 attribute  /HDFEOS/POINTS/File Descripter Metadata/Product name
 attribute  /HDFEOS/POINTS/File Descripter Metadata/Radiometric correction software ID
 attribute  /HDFEOS/POINTS/File Descripter Metadata/_LevelWritten
 attribute  /HDFEOS/POINTS/File Descripter Metadata/processing end time
 attribute  /HDFEOS/POINTS/File Descripter Metadata/processing start time
 attribute  /HDFEOS/POINTS/File Descripter Metadata/processing time
 attribute  /HDFEOS/POINTS/File Descripter Metadata/station latitude
 attribute  /HDFEOS/POINTS/File Descripter Metadata/station longitude
 attribute  /HDFEOS/POINTS/File Descripter Metadata/station name
 group      /HDFEOS/POINTS/File Descripter Metadata/Data
 group      /HDFEOS/POINTS/File Descripter Metadata/Linkage

to display specific attribute:
jconchas@anly104:~/data2/GOCI$ h5dump -a "/HDFEOS/POINTS/Scene Header/Scene Start time" COMS_GOCI_L1B_GA_20110409/COMS_GOCI_L1B_GA_20110409001644.he5
HDF5 "COMS_GOCI_L1B_GA_20110409/COMS_GOCI_L1B_GA_20110409001644.he5" {
ATTRIBUTE "Scene Start time" {
   DATATYPE  H5T_STRING {
      STRSIZE 24;
      STRPAD H5T_STR_NULLTERM;
      CSET H5T_CSET_ASCII;
      CTYPE H5T_C_S1;
   }
   DATASPACE  SCALAR
   DATA {
   (0): "09-APR-2011 00:15:39.000"
   }
}
}

to display the complete group:
jconchas@anly104:/data2/jconchas/GOCI$ h5dump -g "/HDFEOS/POINTS/Scene Header" COMS_GOCI_L1B_GA_20110409/COMS_GOCI_L1B_GA_20110409001644.he5    

jconchas@anly104:/data2/jconchas/GOCI$ h5dump -g "/HDFEOS/POINTS/File Descripter Metadata" COMS_GOCI_L1B_GA_20110409/COMS_GOCI_L1B_GA_20110409001644.he5     
--------------------------------------------------
2016-03-02 Wed
time for the SeaBASS file:
/start_time=6:31:02[GMT]
/end_time=6:43:35[GMT]
GMT: Greenwich Mean Time

GOCI: eight times a day
during the daytime (from 10 AM to 5 PM Local Time)
--------------------------------------------------
2016-03-03 Thu
jconchas@gs616-tidal:COMS_GOCI_L1B_GA_201512240x1640$ h5dump -A COMS_GOCI_L1B_GA_20151224001640.he5 |less
            ATTRIBUTE "processing start time" {
               DATATYPE  H5T_STRING {
                  STRSIZE 24;
                  STRPAD H5T_STR_NULLTERM;
                  CSET H5T_CSET_ASCII;
                  CTYPE H5T_C_S1;
               }
               DATASPACE  SCALAR
               DATA {
               (0): "24-DEC-2015 00:16:40.000"
               }
            }
            ATTRIBUTE "processing start time" {
               DATATYPE  H5T_STRING {
                  STRSIZE 24;
                  STRPAD H5T_STR_NULLTERM;
                  CSET H5T_CSET_ASCII;
                  CTYPE H5T_C_S1;
               }
               DATASPACE  SCALAR
               DATA {
               (0): "24-DEC-2015 00:16:40.000"
               }
            }
            ATTRIBUTE "processing time" {
               DATATYPE  H5T_IEEE_F64LE
               DATASPACE  SIMPLE { ( 1 ) / ( 1 ) }
               DATA {
               (0): 2330
               }
            }
            ATTRIBUTE "Scene Start time" {
               DATATYPE  H5T_STRING {
                  STRSIZE 24;
                  STRPAD H5T_STR_NULLTERM;
                  CSET H5T_CSET_ASCII;
                  CTYPE H5T_C_S1;
               }
               DATASPACE  SCALAR
               DATA {
               (0): "24-DEC-2015 00:15:35.000"
               }
            }
            ATTRIBUTE "Scene center time" {
               DATATYPE  H5T_STRING {
                  STRSIZE 24;
                  STRPAD H5T_STR_NULLTERM;
                  CSET H5T_CSET_ASCII;
                  CTYPE H5T_C_S1;
               }
               DATASPACE  SCALAR
               DATA {
               (0): "24-DEC-2015 00:28:44.156"
               }
            }
            ATTRIBUTE "Scene end time" {
               DATATYPE  H5T_STRING {
                  STRSIZE 24;
                  STRPAD H5T_STR_NULLTERM;
                  CSET H5T_CSET_ASCII;
                  CTYPE H5T_C_S1;
               }
               DATASPACE  SCALAR
               DATA {
               (0): "24-DEC-2015 00:42:11.000"
               }
            }
--------------------------------------------------
2016-03-14 Mon
git pull remote repo and create new band:
jconchas@gs616-tidal:Latex$ git remote
jconchas@gs616-tidal:Latex$ git branch new_branch
jconchas@gs616-tidal:Latex$ git branch
* master
  new_branch
jconchas@gs616-tidal:Latex$ git checkout new_branch
Switched to branch 'new_branch'
--------------------------------------------------
2016-03-16 Wed
error installing SeaDAS source code:
error: Recv failure: Operation timed out (curl_result = 56, http_code = 0, sha1 = 70447bff1ceb5aa2ad32f92675bfeee22b636876)
error: Unable to find 70447bff1ceb5aa2ad32f92675bfeee22b636876 under http://oceandata.sci.gsfc.nasa.gov/ocssw/bin-macosx_intel.git
Cannot obtain needed blob 70447bff1ceb5aa2ad32f92675bfeee22b636876
while processing commit 387f19f1321cc58c4286d3e67e7f9ba71335f923.
error: fetch failed.
Error - Could not run "cd /Applications/seadas-7.3/ocssw/run/bin/macosx_intel; git fetch -q > /dev/null"

(END) 
